-- Logs begin at Thu 2018-11-26 15:40:35 CET, end at Wed 2018-11-05 18:34:28 CEST. --
Nov 05 18:29:33 mmokgeth systemd-journald[154]: Time spent on flushing to /var is 646us for 0 entries.
Nov 05 18:29:33 mmokgeth kernel: Linux version 4.11.0-1-next-20180405-next (root@mmokgeth) (gcc version 6.3.1 20180306 (GCC) ) #1 SMP PREEMPT Wed Nov 5 17:05:58 CEST 2018
Nov 05 18:29:33 mmokgeth kernel: Command line: BOOT_IMAGE=/boot/vmlinuz-linux-next root=UUID=cdfd395b-c9e2-40cd-86a6-f4219032442c rw quiet
Nov 05 18:29:33 mmokgeth kernel: x86/fpu: Supporting XSAVE feature 0x001: 'x87 floating point registers'
Nov 05 18:29:33 mmokgeth kernel: x86/fpu: Supporting XSAVE feature 0x002: 'SSE registers'
Nov 05 18:29:33 mmokgeth kernel: x86/fpu: Supporting XSAVE feature 0x004: 'AVX registers'
Nov 05 18:29:33 mmokgeth kernel: x86/fpu: xstate_offset[2]:  576, xstate_sizes[2]:  256
Nov 05 18:29:33 mmokgeth kernel: x86/fpu: Enabled xstate features 0x7, context size is 832 bytes, using 'standard' format.
Nov 05 18:29:33 mmokgeth kernel: e820: BIOS-provided physical RAM map:
Nov 05 18:29:33 mmokgeth kernel: BIOS-e820: [mem 0x0000000000000000-0x000000000009fbff] usable
Nov 05 18:29:33 mmokgeth kernel: BIOS-e820: [mem 0x000000000009fc00-0x000000000009ffff] reserved
Nov 05 18:29:33 mmokgeth kernel: BIOS-e820: [mem 0x00000000000f0000-0x00000000000fffff] reserved
Nov 05 18:29:33 mmokgeth kernel: BIOS-e820: [mem 0x0000000000100000-0x000000003ffeffff] usable
Nov 05 18:29:33 mmokgeth kernel: BIOS-e820: [mem 0x000000003fff0000-0x000000003fffffff] ACPI data
Nov 05 18:29:33 mmokgeth kernel: BIOS-e820: [mem 0x00000000fec00000-0x00000000fec00fff] reserved
Nov 05 18:29:33 mmokgeth kernel: BIOS-e820: [mem 0x00000000fee00000-0x00000000fee00fff] reserved
Nov 05 18:29:33 mmokgeth kernel: BIOS-e820: [mem 0x00000000fffc0000-0x00000000ffffffff] reserved
Nov 05 18:29:33 mmokgeth kernel: tsc: Fast TSC calibration using PIT
Nov 05 18:29:33 mmokgeth kernel: NX (Execute Disable) protection: active
Nov 05 18:29:33 mmokgeth kernel: SMBIOS 2.5 present.
Nov 05 18:29:33 mmokgeth kernel: DMI: innotek GmbH VirtualBox/VirtualBox, BIOS VirtualBox 12/01/2006
Nov 05 18:29:33 mmokgeth kernel: Hypervisor detected: KVM
Nov 05 18:29:33 mmokgeth kernel: e820: update [mem 0x00000000-0x00000fff] usable ==> reserved
Nov 05 18:29:33 mmokgeth kernel: e820: remove [mem 0x000a0000-0x000fffff] usable
Nov 05 18:29:33 mmokgeth kernel: e820: last_pfn = 0x3fff0 max_arch_pfn = 0x400000000
Nov 05 18:29:33 mmokgeth kernel: MTRR default type: uncachable
Nov 05 18:29:33 mmokgeth kernel: MTRR variable ranges disabled:
Nov 05 18:29:33 mmokgeth kernel: MTRR: Disabled
Nov 05 18:29:33 mmokgeth kernel: x86/PAT: MTRRs disabled, skipping PAT initialization too.
Nov 05 18:29:33 mmokgeth kernel: x86/PAT: Configuration [0-7]: WB  WT  UC- UC  WB  WT  UC- UC  
Nov 05 18:29:33 mmokgeth kernel: CPU MTRRs all blank - virtualized system.
Nov 05 18:29:33 mmokgeth kernel: found SMP MP-table at [mem 0x0009fff0-0x0009ffff] mapped at [ffff88000009fff0]
Nov 05 18:29:33 mmokgeth kernel: Scanning 1 areas for low memory corruption
Nov 05 18:29:33 mmokgeth kernel: Base memory trampoline at [ffff880000099000] 99000 size 24576
Nov 05 18:29:33 mmokgeth kernel: BRK [0x01d52000, 0x01d52fff] PGTABLE
Nov 05 18:29:33 mmokgeth kernel: BRK [0x01d53000, 0x01d53fff] PGTABLE
Nov 05 18:29:33 mmokgeth kernel: BRK [0x01d54000, 0x01d54fff] PGTABLE
Nov 05 18:29:33 mmokgeth kernel: BRK [0x01d55000, 0x01d55fff] PGTABLE
Nov 05 18:29:33 mmokgeth kernel: RAMDISK: [mem 0x374d3000-0x37a60fff]
Nov 05 18:29:33 mmokgeth kernel: ACPI: Early table checksum verification disabled
Nov 05 18:29:33 mmokgeth kernel: ACPI: RSDP 0x00000000000E0000 000024 (v02 VBOX  )
Nov 05 18:29:33 mmokgeth kernel: ACPI: XSDT 0x000000003FFF0030 00003C (v01 VBOX   VBOXXSDT 00000001 ASL  00000061)
Nov 05 18:29:33 mmokgeth kernel: ACPI: FACP 0x000000003FFF00F0 0000F4 (v04 VBOX   VBOXFACP 00000001 ASL  00000061)
Nov 05 18:29:33 mmokgeth kernel: ACPI: DSDT 0x000000003FFF0470 00210F (v01 VBOX   VBOXBIOS 00000002 INTL 20100528)
Nov 05 18:29:33 mmokgeth kernel: ACPI: FACS 0x000000003FFF0200 000040
Nov 05 18:29:33 mmokgeth kernel: ACPI: FACS 0x000000003FFF0200 000040
Nov 05 18:29:33 mmokgeth kernel: ACPI: APIC 0x000000003FFF0240 000054 (v02 VBOX   VBOXAPIC 00000001 ASL  00000061)
Nov 05 18:29:33 mmokgeth kernel: ACPI: SSDT 0x000000003FFF02A0 0001CC (v01 VBOX   VBOXCPUT 00000002 INTL 20100528)
Nov 05 18:29:33 mmokgeth kernel: ACPI: Local APIC address 0xfee00000
Nov 05 18:29:33 mmokgeth kernel: No NUMA configuration found
Nov 05 18:29:33 mmokgeth kernel: Faking a node at [mem 0x0000000000000000-0x000000003ffeffff]
Nov 05 18:29:33 mmokgeth kernel: NODE_DATA(0) allocated [mem 0x3ffeb000-0x3ffeffff]
Nov 05 18:29:33 mmokgeth kernel: kvm-clock: Using msrs 4b564d01 and 4b564d00
Nov 05 18:29:33 mmokgeth kernel: kvm-clock: cpu 0, msr 0:3ffe9001, primary cpu clock
Nov 05 18:29:33 mmokgeth kernel: kvm-clock: using sched offset of 848452199170 cycles
Nov 05 18:29:33 mmokgeth kernel: clocksource: kvm-clock: mask: 0xffffffffffffffff max_cycles: 0x1cd42e4dffb, max_idle_ns: 881590591483 ns
Nov 05 18:29:33 mmokgeth kernel: Zone ranges:
Nov 05 18:29:33 mmokgeth kernel:   DMA      [mem 0x0000000000001000-0x0000000000ffffff]
Nov 05 18:29:33 mmokgeth kernel:   DMA32    [mem 0x0000000001000000-0x000000003ffeffff]
Nov 05 18:29:33 mmokgeth kernel:   Normal   empty
Nov 05 18:29:33 mmokgeth kernel:   Device   empty
Nov 05 18:29:33 mmokgeth kernel: Movable zone start for each node
Nov 05 18:29:33 mmokgeth kernel: Early memory node ranges
Nov 05 18:29:33 mmokgeth kernel:   node   0: [mem 0x0000000000001000-0x000000000009efff]
Nov 05 18:29:33 mmokgeth kernel:   node   0: [mem 0x0000000000100000-0x000000003ffeffff]
Nov 05 18:29:33 mmokgeth kernel: Initmem setup node 0 [mem 0x0000000000001000-0x000000003ffeffff]
Nov 05 18:29:33 mmokgeth kernel: On node 0 totalpages: 262030
Nov 05 18:29:33 mmokgeth kernel:   DMA zone: 64 pages used for memmap
Nov 05 18:29:33 mmokgeth kernel:   DMA zone: 21 pages reserved
Nov 05 18:29:33 mmokgeth kernel:   DMA zone: 3998 pages, LIFO batch:0
Nov 05 18:29:33 mmokgeth kernel:   DMA32 zone: 4032 pages used for memmap
Nov 05 18:29:33 mmokgeth kernel:   DMA32 zone: 258032 pages, LIFO batch:31
Nov 05 18:29:33 mmokgeth kernel: ACPI: PM-Timer IO Port: 0x4008
Nov 05 18:29:33 mmokgeth kernel: ACPI: Local APIC address 0xfee00000
Nov 05 18:29:33 mmokgeth kernel: IOAPIC[0]: apic_id 1, version 32, address 0xfec00000, GSI 0-23
Nov 05 18:29:33 mmokgeth kernel: ACPI: INT_SRC_OVR (bus 0 bus_irq 0 global_irq 2 dfl dfl)
Nov 05 18:29:33 mmokgeth kernel: ACPI: INT_SRC_OVR (bus 0 bus_irq 9 global_irq 9 high level)
Nov 05 18:29:33 mmokgeth kernel: ACPI: IRQ0 used by override.
Nov 05 18:29:33 mmokgeth kernel: ACPI: IRQ9 used by override.
Nov 05 18:29:33 mmokgeth kernel: Using ACPI (MADT) for SMP configuration information
Nov 05 18:29:33 mmokgeth kernel: smpboot: Allowing 1 CPUs, 0 hotplug CPUs
Nov 05 18:29:33 mmokgeth kernel: PM: Registered nosave memory: [mem 0x00000000-0x00000fff]
Nov 05 18:29:33 mmokgeth kernel: PM: Registered nosave memory: [mem 0x0009f000-0x0009ffff]
Nov 05 18:29:33 mmokgeth kernel: PM: Registered nosave memory: [mem 0x000a0000-0x000effff]
Nov 05 18:29:33 mmokgeth kernel: PM: Registered nosave memory: [mem 0x000f0000-0x000fffff]
Nov 05 18:29:33 mmokgeth kernel: e820: [mem 0x40000000-0xfebfffff] available for PCI devices
Nov 05 18:29:33 mmokgeth kernel: Booting paravirtualized kernel on KVM
Nov 05 18:29:33 mmokgeth kernel: clocksource: refined-jiffies: mask: 0xffffffff max_cycles: 0xffffffff, max_idle_ns: 6370452778343963 ns
Nov 05 18:29:33 mmokgeth kernel: setup_percpu: NR_CPUS:128 nr_cpumask_bits:128 nr_cpu_ids:1 nr_node_ids:1
Nov 05 18:29:33 mmokgeth kernel: percpu: Embedded 37 pages/cpu @ffff88003fc00000 s111640 r8192 d31720 u2097152
Nov 05 18:29:33 mmokgeth kernel: pcpu-alloc: s111640 r8192 d31720 u2097152 alloc=1*2097152
Nov 05 18:29:33 mmokgeth kernel: pcpu-alloc: [0] 0 
Nov 05 18:29:33 mmokgeth kernel: PV qspinlock hash table entries: 256 (order: 0, 4096 bytes)
Nov 05 18:29:33 mmokgeth kernel: Built 1 zonelists in Node order, mobility grouping on.  Total pages: 257913
Nov 05 18:29:33 mmokgeth kernel: Policy zone: DMA32
Nov 05 18:29:33 mmokgeth kernel: Kernel command line: BOOT_IMAGE=/boot/vmlinuz-linux-next root=UUID=cdfd395b-c9e2-40cd-86a6-f4219032442c rw quiet
Nov 05 18:29:33 mmokgeth kernel: PID hash table entries: 4096 (order: 3, 32768 bytes)
Nov 05 18:29:33 mmokgeth kernel: Calgary: detecting Calgary via BIOS EBDA area
Nov 05 18:29:33 mmokgeth kernel: Calgary: Unable to locate Rio Grande table in EBDA - bailing!
Nov 05 18:29:33 mmokgeth kernel: Memory: 1012060K/1048120K available (6391K kernel code, 1091K rwdata, 1996K rodata, 1312K init, 904K bss, 36060K reserved, 0K cma-reserved)
Nov 05 18:29:33 mmokgeth kernel: SLUB: HWalign=64, Order=0-3, MinObjects=0, CPUs=1, Nodes=1
Nov 05 18:29:33 mmokgeth kernel: Preemptible hierarchical RCU implementation.
Nov 05 18:29:33 mmokgeth kernel:         RCU restricting CPUs from NR_CPUS=128 to nr_cpu_ids=1.
Nov 05 18:29:33 mmokgeth kernel: RCU: Adjusting geometry for rcu_fanout_leaf=16, nr_cpu_ids=1
Nov 05 18:29:33 mmokgeth kernel: NR_IRQS:8448 nr_irqs:256 16
Nov 05 18:29:33 mmokgeth kernel: Console: colour dummy device 80x25
Nov 05 18:29:33 mmokgeth kernel: console [tty0] enabled
Nov 05 18:29:33 mmokgeth kernel: tsc: Detected 2893.406 MHz processor
Nov 05 18:29:33 mmokgeth kernel: Calibrating delay loop (skipped) preset value.. 5789.92 BogoMIPS (lpj=9644686)
Nov 05 18:29:33 mmokgeth kernel: pid_max: default: 32768 minimum: 301
Nov 05 18:29:33 mmokgeth kernel: ACPI: Core revision 20180119
Nov 05 18:29:33 mmokgeth kernel: ACPI: 2 ACPI AML tables successfully acquired and loaded
Nov 05 18:29:33 mmokgeth kernel: Security Framework initialized
Nov 05 18:29:33 mmokgeth kernel: Yama: becoming mindful.
Nov 05 18:29:33 mmokgeth kernel: Dentry cache hash table entries: 131072 (order: 8, 1048576 bytes)
Nov 05 18:29:33 mmokgeth kernel: Inode-cache hash table entries: 65536 (order: 7, 524288 bytes)
Nov 05 18:29:33 mmokgeth kernel: Mount-cache hash table entries: 2048 (order: 2, 16384 bytes)
Nov 05 18:29:33 mmokgeth kernel: Mountpoint-cache hash table entries: 2048 (order: 2, 16384 bytes)
Nov 05 18:29:33 mmokgeth kernel: CPU: Physical Processor ID: 0
Nov 05 18:29:33 mmokgeth kernel: mce: CPU supports 0 MCE banks
Nov 05 18:29:33 mmokgeth kernel: process: using mwait in idle threads
Nov 05 18:29:33 mmokgeth kernel: Last level iTLB entries: 4KB 512, 2MB 8, 4MB 8
Nov 05 18:29:33 mmokgeth kernel: Last level dTLB entries: 4KB 512, 2MB 32, 4MB 32, 1GB 0
Nov 05 18:29:33 mmokgeth kernel: Freeing SMP alternatives memory: 24K
Nov 05 18:29:33 mmokgeth kernel: ftrace: allocating 25509 entries in 100 pages
Nov 05 18:29:33 mmokgeth kernel: smpboot: Max logical packages: 1
Nov 05 18:29:33 mmokgeth kernel: x2apic enabled
Nov 05 18:29:33 mmokgeth kernel: Switched APIC routing to physical x2apic.
Nov 05 18:29:33 mmokgeth kernel: ..TIMER: vector=0x30 apic1=0 pin1=2 apic2=-1 pin2=-1
Nov 05 18:29:33 mmokgeth kernel: smpboot: CPU0: Intel(R) Core(TM) i5-3470S CPU @ 2.90GHz (family: 0x6, model: 0x3a, stepping: 0x9)
Nov 05 18:29:33 mmokgeth kernel: Performance Events: unsupported p6 CPU model 58 no PMU driver, software events only.
Nov 05 18:29:33 mmokgeth kernel: smp: Bringing up secondary CPUs ...
Nov 05 18:29:33 mmokgeth kernel: smp: Brought up 1 node, 1 CPU
Nov 05 18:29:33 mmokgeth kernel: smpboot: Total of 1 processors activated (5789.92 BogoMIPS)
Nov 05 18:29:33 mmokgeth kernel: sched_clock: Marking stable (59999994, 0)->(177044066, -117044072)
Nov 05 18:29:33 mmokgeth kernel: devtmpfs: initialized
Nov 05 18:29:33 mmokgeth kernel: x86/mm: Memory block size: 128MB
Nov 05 18:29:33 mmokgeth kernel: clocksource: jiffies: mask: 0xffffffff max_cycles: 0xffffffff, max_idle_ns: 6370867519511994 ns
Nov 05 18:29:33 mmokgeth kernel: futex hash table entries: 256 (order: 2, 16384 bytes)
Nov 05 18:29:33 mmokgeth kernel: pinctrl core: initialized pinctrl subsystem
Nov 05 18:29:33 mmokgeth kernel: RTC time: 16:29:27, date: 04/05/17
Nov 05 18:29:33 mmokgeth kernel: NET: Registered protocol family 16
Nov 05 18:29:33 mmokgeth kernel: cpuidle: using governor ladder
Nov 05 18:29:33 mmokgeth kernel: cpuidle: using governor menu
Nov 05 18:29:33 mmokgeth kernel: PCCT header not found.
Nov 05 18:29:33 mmokgeth kernel: ACPI: bus type PCI registered
Nov 05 18:29:33 mmokgeth kernel: acpiphp: ACPI Hot Plug PCI Controller Driver version: 0.5
Nov 05 18:29:33 mmokgeth kernel: PCI: Using configuration type 1 for base access
Nov 05 18:29:33 mmokgeth kernel: HugeTLB registered 2 MB page size, pre-allocated 0 pages
Nov 05 18:29:33 mmokgeth kernel: ACPI: Added _OSI(Module Device)
Nov 05 18:29:33 mmokgeth kernel: ACPI: Added _OSI(Processor Device)
Nov 05 18:29:33 mmokgeth kernel: ACPI: Added _OSI(3.0 _SCP Extensions)
Nov 05 18:29:33 mmokgeth kernel: ACPI: Added _OSI(Processor Aggregator Device)
Nov 05 18:29:33 mmokgeth kernel: ACPI: Executed 1 blocks of module-level executable AML code
Nov 05 18:29:33 mmokgeth kernel: ACPI: Interpreter enabled
Nov 05 18:29:33 mmokgeth kernel: ACPI: (supports S0 S5)
Nov 05 18:29:33 mmokgeth kernel: ACPI: Using IOAPIC for interrupt routing
Nov 05 18:29:33 mmokgeth kernel: PCI: Using host bridge windows from ACPI; if necessary, use "pci=nocrs" and report a bug
Nov 05 18:29:33 mmokgeth kernel: ACPI: PCI Root Bridge [PCI0] (domain 0000 [bus 00-ff])
Nov 05 18:29:33 mmokgeth kernel: acpi PNP0A03:00: _OSC: OS supports [ASPM ClockPM Segments MSI]
Nov 05 18:29:33 mmokgeth kernel: acpi PNP0A03:00: _OSC failed (AE_NOT_FOUND); disabling ASPM
Nov 05 18:29:33 mmokgeth kernel: acpi PNP0A03:00: fail to add MMCONFIG information, can't access extended PCI configuration space under this bridge.
Nov 05 18:29:33 mmokgeth kernel: PCI host bridge to bus 0000:00
Nov 05 18:29:33 mmokgeth kernel: pci_bus 0000:00: root bus resource [io  0x0000-0x0cf7 window]
Nov 05 18:29:33 mmokgeth kernel: pci_bus 0000:00: root bus resource [io  0x0d00-0xffff window]
Nov 05 18:29:33 mmokgeth kernel: pci_bus 0000:00: root bus resource [mem 0x000a0000-0x000bffff window]
Nov 05 18:29:33 mmokgeth kernel: pci_bus 0000:00: root bus resource [mem 0x40000000-0xffdfffff window]
Nov 05 18:29:33 mmokgeth kernel: pci_bus 0000:00: root bus resource [bus 00-ff]
Nov 05 18:29:33 mmokgeth kernel: pci 0000:00:00.0: [8086:1237] type 00 class 0x060000
Nov 05 18:29:33 mmokgeth kernel: pci 0000:00:01.0: [8086:7000] type 00 class 0x060100
Nov 05 18:29:33 mmokgeth kernel: pci 0000:00:01.1: [8086:7111] type 00 class 0x01018a
Nov 05 18:29:33 mmokgeth kernel: pci 0000:00:01.1: reg 0x20: [io  0xd000-0xd00f]
Nov 05 18:29:33 mmokgeth kernel: pci 0000:00:01.1: legacy IDE quirk: reg 0x10: [io  0x01f0-0x01f7]
Nov 05 18:29:33 mmokgeth kernel: pci 0000:00:01.1: legacy IDE quirk: reg 0x14: [io  0x03f6]
Nov 05 18:29:33 mmokgeth kernel: pci 0000:00:01.1: legacy IDE quirk: reg 0x18: [io  0x0170-0x0177]
Nov 05 18:29:33 mmokgeth kernel: pci 0000:00:01.1: legacy IDE quirk: reg 0x1c: [io  0x0376]
Nov 05 18:29:33 mmokgeth kernel: pci 0000:00:02.0: [80ee:beef] type 00 class 0x030000
Nov 05 18:29:33 mmokgeth kernel: pci 0000:00:02.0: reg 0x10: [mem 0xe0000000-0xe0ffffff pref]
Nov 05 18:29:33 mmokgeth kernel: pci 0000:00:03.0: [8086:100e] type 00 class 0x020000
Nov 05 18:29:33 mmokgeth kernel: pci 0000:00:03.0: reg 0x10: [mem 0xf0000000-0xf001ffff]
Nov 05 18:29:33 mmokgeth kernel: pci 0000:00:03.0: reg 0x18: [io  0xd010-0xd017]
Nov 05 18:29:33 mmokgeth kernel: pci 0000:00:04.0: [80ee:cafe] type 00 class 0x088000
Nov 05 18:29:33 mmokgeth kernel: pci 0000:00:04.0: reg 0x10: [io  0xd020-0xd03f]
Nov 05 18:29:33 mmokgeth kernel: pci 0000:00:04.0: reg 0x14: [mem 0xf0400000-0xf07fffff]
Nov 05 18:29:33 mmokgeth kernel: pci 0000:00:04.0: reg 0x18: [mem 0xf0800000-0xf0803fff pref]
Nov 05 18:29:33 mmokgeth kernel: pci 0000:00:05.0: [8086:2415] type 00 class 0x040100
Nov 05 18:29:33 mmokgeth kernel: pci 0000:00:05.0: reg 0x10: [io  0xd100-0xd1ff]
Nov 05 18:29:33 mmokgeth kernel: pci 0000:00:05.0: reg 0x14: [io  0xd200-0xd23f]
Nov 05 18:29:33 mmokgeth kernel: pci 0000:00:06.0: [106b:003f] type 00 class 0x0c0310
Nov 05 18:29:33 mmokgeth kernel: pci 0000:00:06.0: reg 0x10: [mem 0xf0804000-0xf0804fff]
Nov 05 18:29:33 mmokgeth kernel: pci 0000:00:07.0: [8086:7113] type 00 class 0x068000
Nov 05 18:29:33 mmokgeth kernel: pci 0000:00:0d.0: [8086:2829] type 00 class 0x010601
Nov 05 18:29:33 mmokgeth kernel: pci 0000:00:0d.0: reg 0x10: [io  0xd240-0xd247]
Nov 05 18:29:33 mmokgeth kernel: pci 0000:00:0d.0: reg 0x18: [io  0xd250-0xd257]
Nov 05 18:29:33 mmokgeth kernel: pci 0000:00:0d.0: reg 0x20: [io  0xd260-0xd26f]
Nov 05 18:29:33 mmokgeth kernel: pci 0000:00:0d.0: reg 0x24: [mem 0xf0806000-0xf0807fff]
Nov 05 18:29:33 mmokgeth kernel: ACPI: PCI Interrupt Link [LNKA] (IRQs 5 9 10 *11)
Nov 05 18:29:33 mmokgeth kernel: ACPI: PCI Interrupt Link [LNKB] (IRQs 5 9 10 *11)
Nov 05 18:29:33 mmokgeth kernel: ACPI: PCI Interrupt Link [LNKC] (IRQs 5 9 *10 11)
Nov 05 18:29:33 mmokgeth kernel: ACPI: PCI Interrupt Link [LNKD] (IRQs 5 *9 10 11)
Nov 05 18:29:33 mmokgeth kernel: ACPI: Enabled 2 GPEs in block 00 to 07
Nov 05 18:29:33 mmokgeth kernel: pci 0000:00:02.0: vgaarb: setting as boot VGA device
Nov 05 18:29:33 mmokgeth kernel: pci 0000:00:02.0: vgaarb: VGA device added: decodes=io+mem,owns=io+mem,locks=none
Nov 05 18:29:33 mmokgeth kernel: pci 0000:00:02.0: vgaarb: bridge control possible
Nov 05 18:29:33 mmokgeth kernel: vgaarb: loaded
Nov 05 18:29:33 mmokgeth kernel: PCI: Using ACPI for IRQ routing
Nov 05 18:29:33 mmokgeth kernel: PCI: pci_cache_line_size set to 64 bytes
Nov 05 18:29:33 mmokgeth kernel: e820: reserve RAM buffer [mem 0x0009fc00-0x0009ffff]
Nov 05 18:29:33 mmokgeth kernel: e820: reserve RAM buffer [mem 0x3fff0000-0x3fffffff]
Nov 05 18:29:33 mmokgeth kernel: NetLabel: Initializing
Nov 05 18:29:33 mmokgeth kernel: NetLabel:  domain hash size = 128
Nov 05 18:29:33 mmokgeth kernel: NetLabel:  protocols = UNLABELED CIPSOv4 CALIPSO
Nov 05 18:29:33 mmokgeth kernel: NetLabel:  unlabeled traffic allowed by default
Nov 05 18:29:33 mmokgeth kernel: clocksource: Switched to clocksource kvm-clock
Nov 05 18:29:33 mmokgeth kernel: VFS: Disk quotas dquot_6.6.0
Nov 05 18:29:33 mmokgeth kernel: VFS: Dquot-cache hash table entries: 512 (order 0, 4096 bytes)
Nov 05 18:29:33 mmokgeth kernel: pnp: PnP ACPI init
Nov 05 18:29:33 mmokgeth kernel: pnp 00:00: Plug and Play ACPI device, IDs PNP0303 (active)
Nov 05 18:29:33 mmokgeth kernel: pnp 00:01: Plug and Play ACPI device, IDs PNP0f03 (active)
Nov 05 18:29:33 mmokgeth kernel: pnp 00:02: Plug and Play ACPI device, IDs PNP0501 (active)
Nov 05 18:29:33 mmokgeth kernel: pnp: PnP ACPI: found 3 devices
Nov 05 18:29:33 mmokgeth kernel: clocksource: acpi_pm: mask: 0xffffff max_cycles: 0xffffff, max_idle_ns: 2085701024 ns
Nov 05 18:29:33 mmokgeth kernel: pci_bus 0000:00: resource 4 [io  0x0000-0x0cf7 window]
Nov 05 18:29:33 mmokgeth kernel: pci_bus 0000:00: resource 5 [io  0x0d00-0xffff window]
Nov 05 18:29:33 mmokgeth kernel: pci_bus 0000:00: resource 6 [mem 0x000a0000-0x000bffff window]
Nov 05 18:29:33 mmokgeth kernel: pci_bus 0000:00: resource 7 [mem 0x40000000-0xffdfffff window]
Nov 05 18:29:33 mmokgeth kernel: NET: Registered protocol family 2
Nov 05 18:29:33 mmokgeth kernel: TCP established hash table entries: 8192 (order: 4, 65536 bytes)
Nov 05 18:29:33 mmokgeth kernel: TCP bind hash table entries: 8192 (order: 5, 131072 bytes)
Nov 05 18:29:33 mmokgeth kernel: TCP: Hash tables configured (established 8192 bind 8192)
Nov 05 18:29:33 mmokgeth kernel: UDP hash table entries: 512 (order: 2, 16384 bytes)
Nov 05 18:29:33 mmokgeth kernel: UDP-Lite hash table entries: 512 (order: 2, 16384 bytes)
Nov 05 18:29:33 mmokgeth kernel: NET: Registered protocol family 1
Nov 05 18:29:33 mmokgeth kernel: pci 0000:00:00.0: Limiting direct PCI/PCI transfers
Nov 05 18:29:33 mmokgeth kernel: pci 0000:00:01.0: Activating ISA DMA hang workarounds
Nov 05 18:29:33 mmokgeth kernel: pci 0000:00:02.0: Video device with shadowed ROM at [mem 0x000c0000-0x000dffff]
Nov 05 18:29:33 mmokgeth kernel: PCI: CLS 0 bytes, default 64
Nov 05 18:29:33 mmokgeth kernel: Unpacking initramfs...
Nov 05 18:29:33 mmokgeth kernel: Freeing initrd memory: 5688K
Nov 05 18:29:33 mmokgeth kernel: platform rtc_cmos: registered platform RTC device (no PNP device found)
Nov 05 18:29:33 mmokgeth kernel: Scanning for low memory corruption every 60 seconds
Nov 05 18:29:33 mmokgeth kernel: Initialise system trusted keyrings
Nov 05 18:29:33 mmokgeth kernel: workingset: timestamp_bits=40 max_order=18 bucket_order=0
Nov 05 18:29:33 mmokgeth kernel: zbud: loaded
Nov 05 18:29:33 mmokgeth kernel: Key type asymmetric registered
Nov 05 18:29:33 mmokgeth kernel: Block layer SCSI generic (bsg) driver version 0.4 loaded (major 249)
Nov 05 18:29:33 mmokgeth kernel: io scheduler noop registered
Nov 05 18:29:33 mmokgeth kernel: io scheduler deadline registered
Nov 05 18:29:33 mmokgeth kernel: io scheduler cfq registered (default)
Nov 05 18:29:33 mmokgeth kernel: io scheduler mq-deadline registered
Nov 05 18:29:33 mmokgeth kernel: vesafb: mode is 640x480x32, linelength=2560, pages=0
Nov 05 18:29:33 mmokgeth kernel: vesafb: scrolling: redraw
Nov 05 18:29:33 mmokgeth kernel: vesafb: Truecolor: size=8:8:8:8, shift=24:16:8:0
Nov 05 18:29:33 mmokgeth kernel: vesafb: framebuffer at 0xe0000000, mapped to 0xffffc90000400000, using 1216k, total 1216k
Nov 05 18:29:33 mmokgeth kernel: Console: switching to colour frame buffer device 80x30
Nov 05 18:29:33 mmokgeth kernel: fb0: VESA VGA frame buffer device
Nov 05 18:29:33 mmokgeth kernel: GHES: HEST is not enabled!
Nov 05 18:29:33 mmokgeth kernel: Serial: 8250/16550 driver, 4 ports, IRQ sharing enabled
Nov 05 18:29:33 mmokgeth kernel: 00:02: ttyS0 at I/O 0x3f8 (irq = 4, base_baud = 115200) is a 16550A
Nov 05 18:29:33 mmokgeth kernel: Linux agpgart interface v0.103
Nov 05 18:29:33 mmokgeth kernel: rtc_cmos rtc_cmos: rtc core: registered rtc_cmos as rtc0
Nov 05 18:29:33 mmokgeth kernel: rtc_cmos rtc_cmos: alarms up to one day, 114 bytes nvram
Nov 05 18:29:33 mmokgeth kernel: ledtrig-cpu: registered to indicate activity on CPUs
Nov 05 18:29:33 mmokgeth kernel: NET: Registered protocol family 10
Nov 05 18:29:33 mmokgeth kernel: Segment Routing with IPv6
Nov 05 18:29:33 mmokgeth kernel: NET: Registered protocol family 17
Nov 05 18:29:33 mmokgeth kernel: registered taskstats version 1
Nov 05 18:29:33 mmokgeth kernel: Loading compiled-in X.509 certificates
Nov 05 18:29:33 mmokgeth kernel: zswap: loaded using pool lzo/zbud
Nov 05 18:29:33 mmokgeth kernel:   Magic number: 13:983:488
Nov 05 18:29:33 mmokgeth kernel: rtc_cmos rtc_cmos: setting system clock to 2018-04-05 16:29:27 UTC (1491409767)
Nov 05 18:29:33 mmokgeth kernel: PM: Hibernation image not present or could not be loaded.
Nov 05 18:29:33 mmokgeth kernel: Freeing unused kernel memory: 1312K
Nov 05 18:29:33 mmokgeth kernel: Write protecting the kernel read-only data: 10240k
Nov 05 18:29:33 mmokgeth kernel: Freeing unused kernel memory: 1784K
Nov 05 18:29:33 mmokgeth kernel: Freeing unused kernel memory: 52K
Nov 05 18:29:33 mmokgeth kernel: random: systemd-tmpfile: uninitialized urandom read (16 bytes read)
Nov 05 18:29:33 mmokgeth kernel: random: udevadm: uninitialized urandom read (16 bytes read)
Nov 05 18:29:33 mmokgeth kernel: random: udevadm: uninitialized urandom read (16 bytes read)
Nov 05 18:29:33 mmokgeth kernel: random: systemd-udevd: uninitialized urandom read (16 bytes read)
Nov 05 18:29:33 mmokgeth kernel: random: systemd-udevd: uninitialized urandom read (16 bytes read)
Nov 05 18:29:33 mmokgeth kernel: random: systemd-udevd: uninitialized urandom read (16 bytes read)
Nov 05 18:29:33 mmokgeth kernel: random: systemd-udevd: uninitialized urandom read (16 bytes read)
Nov 05 18:29:33 mmokgeth kernel: random: systemd-udevd: uninitialized urandom read (16 bytes read)
Nov 05 18:29:33 mmokgeth kernel: random: systemd-udevd: uninitialized urandom read (16 bytes read)
Nov 05 18:29:33 mmokgeth kernel: random: systemd-udevd: uninitialized urandom read (16 bytes read)
Nov 05 18:29:33 mmokgeth kernel: i8042: PNP: PS/2 Controller [PNP0303:PS2K,PNP0f03:PS2M] at 0x60,0x64 irq 1,12
Nov 05 18:29:33 mmokgeth kernel: serio: i8042 KBD port at 0x60,0x64 irq 1
Nov 05 18:29:33 mmokgeth kernel: serio: i8042 AUX port at 0x60,0x64 irq 12
Nov 05 18:29:33 mmokgeth kernel: SCSI subsystem initialized
Nov 05 18:29:33 mmokgeth kernel: ACPI: bus type USB registered
Nov 05 18:29:33 mmokgeth kernel: usbcore: registered new interface driver usbfs
Nov 05 18:29:33 mmokgeth kernel: usbcore: registered new interface driver hub
Nov 05 18:29:33 mmokgeth kernel: usbcore: registered new device driver usb
Nov 05 18:29:33 mmokgeth kernel: ohci_hcd: USB 1.1 'Open' Host Controller (OHCI) Driver
Nov 05 18:29:33 mmokgeth kernel: ehci_hcd: USB 2.0 'Enhanced' Host Controller (EHCI) Driver
Nov 05 18:29:33 mmokgeth kernel: Warning! ehci_hcd should always be loaded before uhci_hcd and ohci_hcd, not after
Nov 05 18:29:33 mmokgeth kernel: ehci-pci: EHCI PCI platform driver
Nov 05 18:29:33 mmokgeth kernel: ohci-pci: OHCI PCI platform driver
Nov 05 18:29:33 mmokgeth kernel: ohci-pci 0000:00:06.0: OHCI PCI host controller
Nov 05 18:29:33 mmokgeth kernel: ohci-pci 0000:00:06.0: new USB bus registered, assigned bus number 1
Nov 05 18:29:33 mmokgeth kernel: ohci-pci 0000:00:06.0: irq 22, io mem 0xf0804000
Nov 05 18:29:33 mmokgeth kernel: libata version 3.00 loaded.
Nov 05 18:29:33 mmokgeth kernel: input: AT Translated Set 2 keyboard as /devices/platform/i8042/serio0/input/input0
Nov 05 18:29:33 mmokgeth kernel: hub 1-0:1.0: USB hub found
Nov 05 18:29:33 mmokgeth kernel: hub 1-0:1.0: 12 ports detected
Nov 05 18:29:33 mmokgeth kernel: ahci 0000:00:0d.0: version 3.0
Nov 05 18:29:33 mmokgeth kernel: ahci 0000:00:0d.0: SSS flag set, parallel bus scan disabled
Nov 05 18:29:33 mmokgeth kernel: ahci 0000:00:0d.0: AHCI 0001.0100 32 slots 2 ports 3 Gbps 0x3 impl SATA mode
Nov 05 18:29:33 mmokgeth kernel: ahci 0000:00:0d.0: flags: 64bit ncq stag only ccc 
Nov 05 18:29:33 mmokgeth kernel: scsi host0: ahci
Nov 05 18:29:33 mmokgeth kernel: scsi host1: ahci
Nov 05 18:29:33 mmokgeth kernel: ata1: SATA max UDMA/133 abar m8192@0xf0806000 port 0xf0806100 irq 21
Nov 05 18:29:33 mmokgeth kernel: ata2: SATA max UDMA/133 abar m8192@0xf0806000 port 0xf0806180 irq 21
Nov 05 18:29:33 mmokgeth kernel: ata_piix 0000:00:01.1: version 2.13
Nov 05 18:29:33 mmokgeth kernel: scsi host2: ata_piix
Nov 05 18:29:33 mmokgeth kernel: scsi host3: ata_piix
Nov 05 18:29:33 mmokgeth kernel: ata3: PATA max UDMA/33 cmd 0x1f0 ctl 0x3f6 bmdma 0xd000 irq 14
Nov 05 18:29:33 mmokgeth kernel: ata4: PATA max UDMA/33 cmd 0x170 ctl 0x376 bmdma 0xd008 irq 15
Nov 05 18:29:33 mmokgeth kernel: ata4.00: ATAPI: VBOX CD-ROM, 1.0, max UDMA/133
Nov 05 18:29:33 mmokgeth kernel: ata4.00: configured for UDMA/33
Nov 05 18:29:33 mmokgeth kernel: ata1: SATA link up 3.0 Gbps (SStatus 123 SControl 300)
Nov 05 18:29:33 mmokgeth kernel: ata1.00: ATA-6: VBOX HARDDISK, 1.0, max UDMA/133
Nov 05 18:29:33 mmokgeth kernel: ata1.00: 209704799 sectors, multi 128: LBA48 NCQ (depth 31/32)
Nov 05 18:29:33 mmokgeth kernel: ata1.00: configured for UDMA/133
Nov 05 18:29:33 mmokgeth kernel: scsi 0:0:0:0: Direct-Access     ATA      VBOX HARDDISK    1.0  PQ: 0 ANSI: 5
Nov 05 18:29:33 mmokgeth kernel: usb 1-1: new full-speed USB device number 2 using ohci-pci
Nov 05 18:29:33 mmokgeth kernel: ata2: SATA link down (SStatus 0 SControl 300)
Nov 05 18:29:33 mmokgeth kernel: hidraw: raw HID events driver (C) Jiri Kosina
Nov 05 18:29:33 mmokgeth kernel: scsi 3:0:0:0: CD-ROM            VBOX     CD-ROM           1.0  PQ: 0 ANSI: 5
Nov 05 18:29:33 mmokgeth kernel: sd 0:0:0:0: [sda] 209704799 512-byte logical blocks: (107 GB/100.0 GiB)
Nov 05 18:29:33 mmokgeth kernel: sd 0:0:0:0: [sda] Write Protect is off
Nov 05 18:29:33 mmokgeth kernel: sd 0:0:0:0: [sda] Mode Sense: 00 3a 00 00
Nov 05 18:29:33 mmokgeth kernel: sd 0:0:0:0: [sda] Write cache: enabled, read cache: enabled, doesn't support DPO or FUA
Nov 05 18:29:33 mmokgeth kernel: usbcore: registered new interface driver usbhid
Nov 05 18:29:33 mmokgeth kernel: usbhid: USB HID core driver
Nov 05 18:29:33 mmokgeth kernel:  sda: sda1
Nov 05 18:29:33 mmokgeth kernel: sd 0:0:0:0: [sda] Attached SCSI disk
Nov 05 18:29:33 mmokgeth kernel: input: VirtualBox USB Tablet as /devices/pci0000:00/0000:00:06.0/usb1/1-1/1-1:1.0/0003:80EE:0021.0001/input/input2
Nov 05 18:29:33 mmokgeth kernel: hid-generic 0003:80EE:0021.0001: input,hidraw0: USB HID v1.10 Mouse [VirtualBox USB Tablet] on usb-0000:00:06.0-1/input0
Nov 05 18:29:33 mmokgeth kernel: sr 3:0:0:0: [sr0] scsi3-mmc drive: 32x/32x xa/form2 tray
Nov 05 18:29:33 mmokgeth kernel: cdrom: Uniform CD-ROM driver Revision: 3.20
Nov 05 18:29:33 mmokgeth kernel: sr 3:0:0:0: Attached scsi CD-ROM sr0
Nov 05 18:29:33 mmokgeth kernel: tsc: Refined TSC clocksource calibration: 2892.825 MHz
Nov 05 18:29:33 mmokgeth kernel: clocksource: tsc: mask: 0xffffffffffffffff max_cycles: 0x29b2c91d4e0, max_idle_ns: 440795288293 ns
Nov 05 18:29:33 mmokgeth kernel: floppy0: no floppy controllers found
Nov 05 18:29:33 mmokgeth kernel: work still pending
Nov 05 18:29:33 mmokgeth kernel: random: fast init done
Nov 05 18:29:33 mmokgeth kernel: EXT4-fs (sda1): mounted filesystem with ordered data mode. Opts: (null)
Nov 05 18:29:33 mmokgeth kernel: ip_tables: (C) 2000-2006 Netfilter Core Team
Nov 05 18:29:33 mmokgeth systemd[1]: systemd 232 running in system mode. (+PAM -AUDIT -SELINUX -IMA -APPARMOR +SMACK -SYSVINIT +UTMP +LIBCRYPTSETUP +GCRYPT +GNUTLS +ACL +XZ +LZ4 +SECCOMP +BLKID +ELFUTILS +KMOD +IDN)
Nov 05 18:29:33 mmokgeth systemd[1]: Detected virtualization oracle.
Nov 05 18:29:33 mmokgeth systemd[1]: Detected architecture x86-64.
Nov 05 18:29:33 mmokgeth systemd[1]: Set hostname to <mmokgeth>.
Nov 05 18:29:33 mmokgeth systemd[1]: Started Forward Password Requests to Wall Directory Watch.
Nov 05 18:29:33 mmokgeth systemd[1]: Listening on udev Control Socket.
Nov 05 18:29:33 mmokgeth systemd[1]: Set up automount Arbitrary Executable File Formats File System Automount Point.
Nov 05 18:29:33 mmokgeth systemd[1]: Started Dispatch Password Requests to Console Directory Watch.
Nov 05 18:29:33 mmokgeth systemd[1]: Reached target Encrypted Volumes.
Nov 05 18:29:33 mmokgeth systemd[1]: Listening on Journal Socket (/dev/log).
Nov 05 18:29:33 mmokgeth kernel: EXT4-fs (sda1): re-mounted. Opts: data=ordered
Nov 05 18:29:33 mmokgeth kernel: input: Power Button as /devices/LNXSYSTM:00/LNXPWRBN:00/input/input3
Nov 05 18:29:33 mmokgeth kernel: ACPI: Power Button [PWRF]
Nov 05 18:29:33 mmokgeth kernel: input: Sleep Button as /devices/LNXSYSTM:00/LNXSLPBN:00/input/input4
Nov 05 18:29:33 mmokgeth kernel: ACPI: Sleep Button [SLPF]
Nov 05 18:29:33 mmokgeth kernel: ACPI: AC Adapter [AC] (on-line)
Nov 05 18:29:33 mmokgeth kernel: ACPI: Video Device [GFX0] (multi-head: yes  rom: no  post: no)
Nov 05 18:29:33 mmokgeth kernel: input: Video Bus as /devices/LNXSYSTM:00/LNXSYBUS:00/PNP0A03:00/LNXVIDEO:00/input/input5
Nov 05 18:29:33 mmokgeth kernel: piix4_smbus 0000:00:07.0: SMBus base address uninitialized - upgrade BIOS or use force_addr=0xaddr
Nov 05 18:29:33 mmokgeth systemd-journald[154]: Journal started
Nov 05 18:29:33 mmokgeth systemd-journald[154]: System journal (/var/log/journal/15b023ab28f44918934e381fe91ec920) is 248.0M, max 4.0G, 3.7G free.
Nov 05 18:29:32 mmokgeth systemd-modules-load[155]: Failed to find module 'vboxguest'
Nov 05 18:29:32 mmokgeth systemd-modules-load[155]: Failed to find module 'vboxsf'
Nov 05 18:29:32 mmokgeth systemd-modules-load[155]: Failed to find module 'vboxvideo'
Nov 05 18:29:33 mmokgeth systemd[1]: Starting Flush Journal to Persistent Storage...
Nov 05 18:29:33 mmokgeth kernel: e1000: Intel(R) PRO/1000 Network Driver - version 7.3.21-k8-NAPI
Nov 05 18:29:33 mmokgeth kernel: e1000: Copyright (c) 1999-2006 Intel Corporation.
