-- Logs begin at Thu 2018-10-26 15:40:35 CET, end at Mon 2018-10-27 14:07:27 CEST. --
Oct 27 14:05:47 mmokgeth systemd-journald[154]: Time spent on flushing to /var is 509us for 0 entries.
Oct 27 14:05:47 mmokgeth kernel: Linux version 4.11.0-rc3-thor_kernel-00161-gebe64824e9de-dirty (nobody@mmokgeth) (gcc version 6.3.1 20170306 (GCC) ) #2 SMP PREEMPT Fri Oct 24 18:05:08 CET 2017
Oct 27 14:05:47 mmokgeth kernel: Command line: root=UUID=cdfd395b-c9e2-40cd-86a6-f4219032442c rw quiet
Oct 27 14:05:47 mmokgeth kernel: x86/fpu: Supporting XSAVE feature 0x001: 'x87 floating point registers'
Oct 27 14:05:47 mmokgeth kernel: x86/fpu: Supporting XSAVE feature 0x002: 'SSE registers'
Oct 27 14:05:47 mmokgeth kernel: x86/fpu: Supporting XSAVE feature 0x004: 'AVX registers'
Oct 27 14:05:47 mmokgeth kernel: x86/fpu: xstate_offset[2]:  576, xstate_sizes[2]:  256
Oct 27 14:05:47 mmokgeth kernel: x86/fpu: Enabled xstate features 0x7, context size is 832 bytes, using 'standard' format.
Oct 27 14:05:47 mmokgeth kernel: e820: BIOS-provided physical RAM map:
Oct 27 14:05:47 mmokgeth kernel: BIOS-e820: [mem 0x0000000000000100-0x000000000009fbff] usable
Oct 27 14:05:47 mmokgeth kernel: BIOS-e820: [mem 0x000000000009fc00-0x000000000009ffff] reserved
Oct 27 14:05:47 mmokgeth kernel: BIOS-e820: [mem 0x00000000000f0000-0x00000000000fffff] reserved
Oct 27 14:05:47 mmokgeth kernel: BIOS-e820: [mem 0x0000000000100000-0x000000003ffeffff] usable
Oct 27 14:05:47 mmokgeth kernel: BIOS-e820: [mem 0x000000003fff0000-0x000000003fffffff] ACPI data
Oct 27 14:05:47 mmokgeth kernel: BIOS-e820: [mem 0x00000000fec00000-0x00000000fec00fff] reserved
Oct 27 14:05:47 mmokgeth kernel: BIOS-e820: [mem 0x00000000fee00000-0x00000000fee00fff] reserved
Oct 27 14:05:47 mmokgeth kernel: BIOS-e820: [mem 0x00000000fffc0000-0x00000000ffffffff] reserved
Oct 27 14:05:47 mmokgeth kernel: NX (Execute Disable) protection: active
Oct 27 14:05:47 mmokgeth kernel: SMBIOS 2.5 present.
Oct 27 14:05:47 mmokgeth kernel: DMI: innotek GmbH VirtualBox/VirtualBox, BIOS VirtualBox 12/01/2006
Oct 27 14:05:47 mmokgeth kernel: Hypervisor detected: KVM
Oct 27 14:05:47 mmokgeth kernel: e820: update [mem 0x00000000-0x00000fff] usable ==> reserved
Oct 27 14:05:47 mmokgeth kernel: e820: remove [mem 0x000a0000-0x000fffff] usable
Oct 27 14:05:47 mmokgeth kernel: e820: last_pfn = 0x3fff0 max_arch_pfn = 0x400000000
Oct 27 14:05:47 mmokgeth kernel: MTRR default type: uncachable
Oct 27 14:05:47 mmokgeth kernel: MTRR variable ranges disabled:
Oct 27 14:05:47 mmokgeth kernel: MTRR: Disabled
Oct 27 14:05:47 mmokgeth kernel: x86/PAT: MTRRs disabled, skipping PAT initialization too.
Oct 27 14:05:47 mmokgeth kernel: x86/PAT: Configuration [0-7]: WB  WT  UC- UC  WB  WT  UC- UC  
Oct 27 14:05:47 mmokgeth kernel: CPU MTRRs all blank - virtualized system.
Oct 27 14:05:47 mmokgeth kernel: x2apic: enabled by BIOS, switching to x2apic ops
Oct 27 14:05:47 mmokgeth kernel: found SMP MP-table at [mem 0x0009fff0-0x0009ffff] mapped at [ffff88000009fff0]
Oct 27 14:05:47 mmokgeth kernel: Scanning 1 areas for low memory corruption
Oct 27 14:05:47 mmokgeth kernel: Base memory trampoline at [ffff880000099000] 99000 size 24576
Oct 27 14:05:47 mmokgeth kernel: BRK [0x3ed43000, 0x3ed43fff] PGTABLE
Oct 27 14:05:47 mmokgeth kernel: BRK [0x3ed44000, 0x3ed44fff] PGTABLE
Oct 27 14:05:47 mmokgeth kernel: BRK [0x3ed45000, 0x3ed45fff] PGTABLE
Oct 27 14:05:47 mmokgeth kernel: BRK [0x3ed46000, 0x3ed46fff] PGTABLE
Oct 27 14:05:47 mmokgeth kernel: RAMDISK: [mem 0x3fa53000-0x3ffe1fff]
Oct 27 14:05:47 mmokgeth kernel: ACPI: Early table checksum verification disabled
Oct 27 14:05:47 mmokgeth kernel: ACPI: RSDP 0x00000000000E0000 000024 (v02 VBOX  )
Oct 27 14:05:47 mmokgeth kernel: ACPI: XSDT 0x000000003FFF0030 00003C (v01 VBOX   VBOXXSDT 00000001 ASL  00000061)
Oct 27 14:05:47 mmokgeth kernel: ACPI: FACP 0x000000003FFF00F0 0000F4 (v04 VBOX   VBOXFACP 00000001 ASL  00000061)
Oct 27 14:05:47 mmokgeth kernel: ACPI: DSDT 0x000000003FFF0470 00210F (v01 VBOX   VBOXBIOS 00000002 INTL 20100528)
Oct 27 14:05:47 mmokgeth kernel: ACPI: FACS 0x000000003FFF0200 000040
Oct 27 14:05:47 mmokgeth kernel: ACPI: FACS 0x000000003FFF0200 000040
Oct 27 14:05:47 mmokgeth kernel: ACPI: APIC 0x000000003FFF0240 000054 (v02 VBOX   VBOXAPIC 00000001 ASL  00000061)
Oct 27 14:05:47 mmokgeth kernel: ACPI: SSDT 0x000000003FFF02A0 0001CC (v01 VBOX   VBOXCPUT 00000002 INTL 20100528)
Oct 27 14:05:47 mmokgeth kernel: ACPI: Local APIC address 0xfee00000
Oct 27 14:05:47 mmokgeth kernel: Setting APIC routing to cluster x2apic.
Oct 27 14:05:47 mmokgeth kernel: No NUMA configuration found
Oct 27 14:05:47 mmokgeth kernel: Faking a node at [mem 0x0000000000000000-0x000000003ffeffff]
Oct 27 14:05:47 mmokgeth kernel: NODE_DATA(0) allocated [mem 0x3ffeb000-0x3ffeffff]
Oct 27 14:05:47 mmokgeth kernel: kvm-clock: Using msrs 4b564d01 and 4b564d00
Oct 27 14:05:47 mmokgeth kernel: kvm-clock: cpu 0, msr 0:3ffe9001, priOcty cpu clock
Oct 27 14:05:47 mmokgeth kernel: kvm-clock: using sched offset of 216365511577 cycles
Oct 27 14:05:47 mmokgeth kernel: clocksource: kvm-clock: mask: 0xffffffffffffffff max_cycles: 0x1cd42e4dffb, max_idle_ns: 881590591483 ns
Oct 27 14:05:47 mmokgeth kernel: Zone ranges:
Oct 27 14:05:47 mmokgeth kernel:   DMA      [mem 0x0000000000001000-0x0000000000ffffff]
Oct 27 14:05:47 mmokgeth kernel:   DMA32    [mem 0x0000000001000000-0x000000003ffeffff]
Oct 27 14:05:47 mmokgeth kernel:   Normal   empty
Oct 27 14:05:47 mmokgeth kernel:   Device   empty
Oct 27 14:05:47 mmokgeth kernel: Movable zone start for each node
Oct 27 14:05:47 mmokgeth kernel: Early memory node ranges
Oct 27 14:05:47 mmokgeth kernel:   node   0: [mem 0x0000000000001000-0x000000000009efff]
Oct 27 14:05:47 mmokgeth kernel:   node   0: [mem 0x0000000000100000-0x000000003ffeffff]
Oct 27 14:05:47 mmokgeth kernel: Initmem setup node 0 [mem 0x0000000000001000-0x000000003ffeffff]
Oct 27 14:05:47 mmokgeth kernel: On node 0 totalpages: 262030
Oct 27 14:05:47 mmokgeth kernel:   DMA zone: 64 pages used for memmap
Oct 27 14:05:47 mmokgeth kernel:   DMA zone: 21 pages reserved
Oct 27 14:05:47 mmokgeth kernel:   DMA zone: 3998 pages, LIFO batch:0
Oct 27 14:05:47 mmokgeth kernel:   DMA32 zone: 4032 pages used for memmap
Oct 27 14:05:47 mmokgeth kernel:   DMA32 zone: 258032 pages, LIFO batch:31
Oct 27 14:05:47 mmokgeth kernel: ACPI: PM-Timer IO Port: 0x4008
Oct 27 14:05:47 mmokgeth kernel: ACPI: Local APIC address 0xfee00000
Oct 27 14:05:47 mmokgeth kernel: IOAPIC[0]: apic_id 1, version 32, address 0xfec00000, GSI 0-23
Oct 27 14:05:47 mmokgeth kernel: ACPI: INT_SRC_OVR (bus 0 bus_irq 0 global_irq 2 dfl dfl)
Oct 27 14:05:47 mmokgeth kernel: ACPI: INT_SRC_OVR (bus 0 bus_irq 9 global_irq 9 high level)
Oct 27 14:05:47 mmokgeth kernel: ACPI: IRQ0 used by override.
Oct 27 14:05:47 mmokgeth kernel: ACPI: IRQ9 used by override.
Oct 27 14:05:47 mmokgeth kernel: Using ACPI (MADT) for SMP configuration information
Oct 27 14:05:47 mmokgeth kernel: smpboot: Allowing 1 CPUs, 0 hotplug CPUs
Oct 27 14:05:47 mmokgeth kernel: PM: Registered nosave memory: [mem 0x00000000-0x00000fff]
Oct 27 14:05:47 mmokgeth kernel: PM: Registered nosave memory: [mem 0x0009f000-0x0009ffff]
Oct 27 14:05:47 mmokgeth kernel: PM: Registered nosave memory: [mem 0x000a0000-0x000effff]
Oct 27 14:05:47 mmokgeth kernel: PM: Registered nosave memory: [mem 0x000f0000-0x000fffff]
Oct 27 14:05:47 mmokgeth kernel: e820: [mem 0x40000000-0xfebfffff] available for PCI devices
Oct 27 14:05:47 mmokgeth kernel: Booting paravirtualized kernel on KVM
Oct 27 14:05:47 mmokgeth kernel: clocksource: refined-jiffies: mask: 0xffffffff max_cycles: 0xffffffff, max_idle_ns: 6370452778343963 ns
Oct 27 14:05:47 mmokgeth kernel: setup_percpu: NR_CPUS:128 nr_cpumask_bits:128 nr_cpu_ids:1 nr_node_ids:1
Oct 27 14:05:47 mmokgeth kernel: percpu: Embedded 37 pages/cpu @ffff88003f800000 s111448 r8192 d31912 u2097152
Oct 27 14:05:47 mmokgeth kernel: pcpu-alloc: s111448 r8192 d31912 u2097152 alloc=1*2097152
Oct 27 14:05:47 mmokgeth kernel: pcpu-alloc: [0] 0 
Oct 27 14:05:47 mmokgeth kernel: PV qspinlock hash table entries: 256 (order: 0, 4096 bytes)
Oct 27 14:05:47 mmokgeth kernel: Built 1 zonelists in Node order, mobility grouping on.  Total pages: 257913
Oct 27 14:05:47 mmokgeth kernel: Policy zone: DMA32
Oct 27 14:05:47 mmokgeth kernel: Kernel command line: root=UUID=cdfd395b-c9e2-40cd-86a6-f4219032442c rw quiet
Oct 27 14:05:47 mmokgeth kernel: PID hash table entries: 4096 (order: 3, 32768 bytes)
Oct 27 14:05:47 mmokgeth kernel: Calgary: detecting Calgary via BIOS EBDA area
Oct 27 14:05:47 mmokgeth kernel: Calgary: Unable to locate Rio Grande table in EBDA - bailing!
Oct 27 14:05:47 mmokgeth kernel: Memory: 1012124K/1048120K available (6432K kernel code, 1089K rwdata, 2000K rodata, 1308K init, 904K bss, 35996K reserved, 0K cma-reserved)
Oct 27 14:05:47 mmokgeth kernel: SLUB: HWalign=64, Order=0-3, MinObjects=0, CPUs=1, Nodes=1
Oct 27 14:05:47 mmokgeth kernel: Preemptible hierarchical RCU implementation.
Oct 27 14:05:47 mmokgeth kernel:         Build-time adjustment of leaf fanout to 64.
Oct 27 14:05:47 mmokgeth kernel:         RCU restricting CPUs from NR_CPUS=128 to nr_cpu_ids=1.
Oct 27 14:05:47 mmokgeth kernel: RCU: Adjusting geometry for rcu_fanout_leaf=64, nr_cpu_ids=1
Oct 27 14:05:47 mmokgeth kernel: NR_IRQS:8448 nr_irqs:256 16
Oct 27 14:05:47 mmokgeth kernel: Console: colour dummy device 80x25
Oct 27 14:05:47 mmokgeth kernel: console [tty0] enabled
Oct 27 14:05:47 mmokgeth kernel: tsc: Detected 2893.406 MHz processor
Oct 27 14:05:47 mmokgeth kernel: Calibrating delay loop (skipped) preset value.. 5789.92 BogoMIPS (lpj=9644686)
Oct 27 14:05:47 mmokgeth kernel: pid_max: default: 32768 minimum: 301
Oct 27 14:05:47 mmokgeth kernel: ACPI: Core revision 20170119
Oct 27 14:05:47 mmokgeth kernel: ACPI: 2 ACPI AML tables successfully acquired and loaded
Oct 27 14:05:47 mmokgeth kernel: Security Framework initialized
Oct 27 14:05:47 mmokgeth kernel: Yama: becoming mindful.
Oct 27 14:05:47 mmokgeth kernel: Dentry cache hash table entries: 131072 (order: 8, 1048576 bytes)
Oct 27 14:05:47 mmokgeth kernel: Inode-cache hash table entries: 65536 (order: 7, 524288 bytes)
Oct 27 14:05:47 mmokgeth kernel: Mount-cache hash table entries: 2048 (order: 2, 16384 bytes)
Oct 27 14:05:47 mmokgeth kernel: Mountpoint-cache hash table entries: 2048 (order: 2, 16384 bytes)
Oct 27 14:05:47 mmokgeth kernel: CPU: Physical Processor ID: 0
Oct 27 14:05:47 mmokgeth kernel: mce: CPU supports 0 MCE banks
Oct 27 14:05:47 mmokgeth kernel: process: using mwait in idle threads
Oct 27 14:05:47 mmokgeth kernel: Last level iTLB entries: 4KB 512, 2MB 8, 4MB 8
Oct 27 14:05:47 mmokgeth kernel: Last level dTLB entries: 4KB 512, 2MB 32, 4MB 32, 1GB 0
Oct 27 14:05:47 mmokgeth kernel: Freeing SMP alternatives memory: 24K
Oct 27 14:05:47 mmokgeth kernel: ftrace: allocating 25353 entries in 100 pages
Oct 27 14:05:47 mmokgeth kernel: smpboot: Max logical packages: 1
Oct 27 14:05:47 mmokgeth kernel: Switched APIC routing to physical x2apic.
Oct 27 14:05:47 mmokgeth kernel: ..TIMER: vector=0x30 apic1=0 pin1=2 apic2=-1 pin2=-1
Oct 27 14:05:47 mmokgeth kernel: smpboot: CPU0: Intel(R) Core(TM) i5-3470S CPU @ 2.90GHz (family: 0x6, model: 0x3a, stepping: 0x9)
Oct 27 14:05:47 mmokgeth kernel: Performance Events: unsupported p6 CPU model 58 no PMU driver, software events only.
Oct 27 14:05:47 mmokgeth kernel: smp: Bringing up secondary CPUs ...
Oct 27 14:05:47 mmokgeth kernel: smp: Brought up 1 node, 1 CPU
Oct 27 14:05:47 mmokgeth kernel: smpboot: Total of 1 processors activated (5789.92 BogoMIPS)
Oct 27 14:05:47 mmokgeth kernel: sched_clock: Octking stable (43333329, 0)->(171889441, -128556112)
Oct 27 14:05:47 mmokgeth kernel: devtmpfs: initialized
Oct 27 14:05:47 mmokgeth kernel: x86/mm: Memory block size: 128MB
Oct 27 14:05:47 mmokgeth kernel: clocksource: jiffies: mask: 0xffffffff max_cycles: 0xffffffff, max_idle_ns: 6370867519511994 ns
Oct 27 14:05:47 mmokgeth kernel: futex hash table entries: 256 (order: 2, 16384 bytes)
Oct 27 14:05:47 mmokgeth kernel: pinctrl core: initialized pinctrl subsystem
Oct 27 14:05:47 mmokgeth kernel: RTC time: 12:05:42, date: 03/27/17
Oct 27 14:05:47 mmokgeth kernel: NET: Registered protocol family 16
Oct 27 14:05:47 mmokgeth kernel: cpuidle: using governor ladder
Oct 27 14:05:47 mmokgeth kernel: cpuidle: using governor menu
Oct 27 14:05:47 mmokgeth kernel: PCCT header not found.
Oct 27 14:05:47 mmokgeth kernel: ACPI: bus type PCI registered
Oct 27 14:05:47 mmokgeth kernel: acpiphp: ACPI Hot Plug PCI Controller Driver version: 0.5
Oct 27 14:05:47 mmokgeth kernel: PCI: Using configuration type 1 for base access
Oct 27 14:05:47 mmokgeth kernel: HugeTLB registered 2 MB page size, pre-allocated 0 pages
Oct 27 14:05:47 mmokgeth kernel: ACPI: Added _OSI(Module Device)
Oct 27 14:05:47 mmokgeth kernel: ACPI: Added _OSI(Processor Device)
Oct 27 14:05:47 mmokgeth kernel: ACPI: Added _OSI(3.0 _SCP Extensions)
Oct 27 14:05:47 mmokgeth kernel: ACPI: Added _OSI(Processor Aggregator Device)
Oct 27 14:05:47 mmokgeth kernel: ACPI: Executed 1 blocks of module-level executable AML code
Oct 27 14:05:47 mmokgeth kernel: ACPI: Interpreter enabled
Oct 27 14:05:47 mmokgeth kernel: ACPI: (supports S0 S5)
Oct 27 14:05:47 mmokgeth kernel: ACPI: Using IOAPIC for interrupt routing
Oct 27 14:05:47 mmokgeth kernel: PCI: Using host bridge windows from ACPI; if necessary, use "pci=nocrs" and report a bug
Oct 27 14:05:47 mmokgeth kernel: ACPI: PCI Root Bridge [PCI0] (domain 0000 [bus 00-ff])
Oct 27 14:05:47 mmokgeth kernel: acpi PNP0A03:00: _OSC: OS supports [ASPM ClockPM Segments MSI]
Oct 27 14:05:47 mmokgeth kernel: acpi PNP0A03:00: _OSC failed (AE_NOT_FOUND); disabling ASPM
Oct 27 14:05:47 mmokgeth kernel: acpi PNP0A03:00: fail to add MMCONFIG information, can't access extended PCI configuration space under this bridge.
Oct 27 14:05:47 mmokgeth kernel: PCI host bridge to bus 0000:00
Oct 27 14:05:47 mmokgeth kernel: pci_bus 0000:00: root bus resource [io  0x0000-0x0cf7 window]
Oct 27 14:05:47 mmokgeth kernel: pci_bus 0000:00: root bus resource [io  0x0d00-0xffff window]
Oct 27 14:05:47 mmokgeth kernel: pci_bus 0000:00: root bus resource [mem 0x000a0000-0x000bffff window]
Oct 27 14:05:47 mmokgeth kernel: pci_bus 0000:00: root bus resource [mem 0x40000000-0xffdfffff window]
Oct 27 14:05:47 mmokgeth kernel: pci_bus 0000:00: root bus resource [bus 00-ff]
Oct 27 14:05:47 mmokgeth kernel: pci 0000:00:00.0: [8086:1237] type 00 class 0x060000
Oct 27 14:05:47 mmokgeth kernel: pci 0000:00:01.0: [8086:7000] type 00 class 0x060100
Oct 27 14:05:47 mmokgeth kernel: pci 0000:00:01.1: [8086:7111] type 00 class 0x01018a
Oct 27 14:05:47 mmokgeth kernel: pci 0000:00:01.1: reg 0x20: [io  0xd000-0xd00f]
Oct 27 14:05:47 mmokgeth kernel: pci 0000:00:01.1: legacy IDE quirk: reg 0x10: [io  0x01f0-0x01f7]
Oct 27 14:05:47 mmokgeth kernel: pci 0000:00:01.1: legacy IDE quirk: reg 0x14: [io  0x03f6]
Oct 27 14:05:47 mmokgeth kernel: pci 0000:00:01.1: legacy IDE quirk: reg 0x18: [io  0x0170-0x0177]
Oct 27 14:05:47 mmokgeth kernel: pci 0000:00:01.1: legacy IDE quirk: reg 0x1c: [io  0x0376]
Oct 27 14:05:47 mmokgeth kernel: pci 0000:00:02.0: [80ee:beef] type 00 class 0x030000
Oct 27 14:05:47 mmokgeth kernel: pci 0000:00:02.0: reg 0x10: [mem 0xe0000000-0xe0ffffff pref]
Oct 27 14:05:47 mmokgeth kernel: pci 0000:00:03.0: [8086:100e] type 00 class 0x020000
Oct 27 14:05:47 mmokgeth kernel: pci 0000:00:03.0: reg 0x10: [mem 0xf0000000-0xf001ffff]
Oct 27 14:05:47 mmokgeth kernel: pci 0000:00:03.0: reg 0x18: [io  0xd010-0xd017]
Oct 27 14:05:47 mmokgeth kernel: pci 0000:00:04.0: [80ee:cafe] type 00 class 0x088000
Oct 27 14:05:47 mmokgeth kernel: pci 0000:00:04.0: reg 0x10: [io  0xd020-0xd03f]
Oct 27 14:05:47 mmokgeth kernel: pci 0000:00:04.0: reg 0x14: [mem 0xf0400000-0xf07fffff]
Oct 27 14:05:47 mmokgeth kernel: pci 0000:00:04.0: reg 0x18: [mem 0xf0800000-0xf0803fff pref]
Oct 27 14:05:47 mmokgeth kernel: pci 0000:00:05.0: [8086:2415] type 00 class 0x040100
Oct 27 14:05:47 mmokgeth kernel: pci 0000:00:05.0: reg 0x10: [io  0xd100-0xd1ff]
Oct 27 14:05:47 mmokgeth kernel: pci 0000:00:05.0: reg 0x14: [io  0xd200-0xd23f]
Oct 27 14:05:47 mmokgeth kernel: pci 0000:00:06.0: [106b:003f] type 00 class 0x0c0310
Oct 27 14:05:47 mmokgeth kernel: pci 0000:00:06.0: reg 0x10: [mem 0xf0804000-0xf0804fff]
Oct 27 14:05:47 mmokgeth kernel: pci 0000:00:07.0: [8086:7113] type 00 class 0x068000
Oct 27 14:05:47 mmokgeth kernel: pci 0000:00:0d.0: [8086:2829] type 00 class 0x010601
Oct 27 14:05:47 mmokgeth kernel: pci 0000:00:0d.0: reg 0x10: [io  0xd240-0xd247]
Oct 27 14:05:47 mmokgeth kernel: pci 0000:00:0d.0: reg 0x18: [io  0xd250-0xd257]
Oct 27 14:05:47 mmokgeth kernel: pci 0000:00:0d.0: reg 0x20: [io  0xd260-0xd26f]
Oct 27 14:05:47 mmokgeth kernel: pci 0000:00:0d.0: reg 0x24: [mem 0xf0806000-0xf0807fff]
Oct 27 14:05:47 mmokgeth kernel: ACPI: PCI Interrupt Link [LNKA] (IRQs 5 9 10 *11), disabled.
Oct 27 14:05:47 mmokgeth kernel: ACPI: PCI Interrupt Link [LNKB] (IRQs 5 9 10 *11), disabled.
Oct 27 14:05:47 mmokgeth kernel: ACPI: PCI Interrupt Link [LNKC] (IRQs 5 9 *10 11), disabled.
Oct 27 14:05:47 mmokgeth kernel: ACPI: PCI Interrupt Link [LNKD] (IRQs 5 9 10 *11), disabled.
Oct 27 14:05:47 mmokgeth kernel: ACPI: Enabled 2 GPEs in block 00 to 07
Oct 27 14:05:47 mmokgeth kernel: pci 0000:00:02.0: vgaarb: setting as boot VGA device
Oct 27 14:05:47 mmokgeth kernel: pci 0000:00:02.0: vgaarb: VGA device added: decodes=io+mem,owns=io+mem,locks=none
Oct 27 14:05:47 mmokgeth kernel: pci 0000:00:02.0: vgaarb: bridge control possible
Oct 27 14:05:47 mmokgeth kernel: vgaarb: loaded
Oct 27 14:05:47 mmokgeth kernel: PCI: Using ACPI for IRQ routing
Oct 27 14:05:47 mmokgeth kernel: PCI: pci_cache_line_size set to 64 bytes
Oct 27 14:05:47 mmokgeth kernel: e820: reserve RAM buffer [mem 0x0009fc00-0x0009ffff]
Oct 27 14:05:47 mmokgeth kernel: e820: reserve RAM buffer [mem 0x3fff0000-0x3fffffff]
Oct 27 14:05:47 mmokgeth kernel: NetLabel: Initializing
Oct 27 14:05:47 mmokgeth kernel: NetLabel:  domain hash size = 128
Oct 27 14:05:47 mmokgeth kernel: NetLabel:  protocols = UNLABELED CIPSOv4 CALIPSO
Oct 27 14:05:47 mmokgeth kernel: NetLabel:  unlabeled traffic allowed by default
Oct 27 14:05:47 mmokgeth kernel: clocksource: Switched to clocksource kvm-clock
Oct 27 14:05:47 mmokgeth kernel: VFS: Disk quotas dquot_6.6.0
Oct 27 14:05:47 mmokgeth kernel: VFS: Dquot-cache hash table entries: 512 (order 0, 4096 bytes)
Oct 27 14:05:47 mmokgeth kernel: pnp: PnP ACPI init
Oct 27 14:05:47 mmokgeth kernel: pnp 00:00: Plug and Play ACPI device, IDs PNP0303 (active)
Oct 27 14:05:47 mmokgeth kernel: pnp 00:01: Plug and Play ACPI device, IDs PNP0f03 (active)
Oct 27 14:05:47 mmokgeth kernel: pnp: PnP ACPI: found 2 devices
Oct 27 14:05:47 mmokgeth kernel: clocksource: acpi_pm: mask: 0xffffff max_cycles: 0xffffff, max_idle_ns: 2085701024 ns
Oct 27 14:05:47 mmokgeth kernel: pci_bus 0000:00: resource 4 [io  0x0000-0x0cf7 window]
Oct 27 14:05:47 mmokgeth kernel: pci_bus 0000:00: resource 5 [io  0x0d00-0xffff window]
Oct 27 14:05:47 mmokgeth kernel: pci_bus 0000:00: resource 6 [mem 0x000a0000-0x000bffff window]
Oct 27 14:05:47 mmokgeth kernel: pci_bus 0000:00: resource 7 [mem 0x40000000-0xffdfffff window]
Oct 27 14:05:47 mmokgeth kernel: NET: Registered protocol family 2
Oct 27 14:05:47 mmokgeth kernel: TCP established hash table entries: 8192 (order: 4, 65536 bytes)
Oct 27 14:05:47 mmokgeth kernel: TCP bind hash table entries: 8192 (order: 5, 131072 bytes)
Oct 27 14:05:47 mmokgeth kernel: TCP: Hash tables configured (established 8192 bind 8192)
Oct 27 14:05:47 mmokgeth kernel: UDP hash table entries: 512 (order: 2, 16384 bytes)
Oct 27 14:05:47 mmokgeth kernel: UDP-Lite hash table entries: 512 (order: 2, 16384 bytes)
Oct 27 14:05:47 mmokgeth kernel: NET: Registered protocol family 1
Oct 27 14:05:47 mmokgeth kernel: pci 0000:00:00.0: Limiting direct PCI/PCI transfers
Oct 27 14:05:47 mmokgeth kernel: pci 0000:00:01.0: Activating ISA DMA hang workarounds
Oct 27 14:05:47 mmokgeth kernel: pci 0000:00:02.0: Video device with shadowed ROM at [mem 0x000c0000-0x000dffff]
Oct 27 14:05:47 mmokgeth kernel: PCI: CLS 0 bytes, default 64
Oct 27 14:05:47 mmokgeth kernel: Unpacking initramfs...
Oct 27 14:05:47 mmokgeth kernel: Freeing initrd memory: 5692K
Oct 27 14:05:47 mmokgeth kernel: platform rtc_cmos: registered platform RTC device (no PNP device found)
Oct 27 14:05:47 mmokgeth kernel: Scanning for low memory corruption every 60 seconds
Oct 27 14:05:47 mmokgeth kernel: Initialise system trusted keyrings
Oct 27 14:05:47 mmokgeth kernel: workingset: timestamp_bits=40 max_order=18 bucket_order=0
Oct 27 14:05:47 mmokgeth kernel: zbud: loaded
Oct 27 14:05:47 mmokgeth kernel: Key type asymmetric registered
Oct 27 14:05:47 mmokgeth kernel: Block layer SCSI generic (bsg) driver version 0.4 loaded (major 249)
Oct 27 14:05:47 mmokgeth kernel: io scheduler noop registered
Oct 27 14:05:47 mmokgeth kernel: io scheduler deadline registered
Oct 27 14:05:47 mmokgeth kernel: io scheduler cfq registered (default)
Oct 27 14:05:47 mmokgeth kernel: io scheduler mq-deadline registered
Oct 27 14:05:47 mmokgeth kernel: vesafb: mode is 640x480x32, linelength=2560, pages=304
Oct 27 14:05:47 mmokgeth kernel: vesafb: scrolling: redraw
Oct 27 14:05:47 mmokgeth kernel: vesafb: Truecolor: size=8:8:8:8, shift=24:16:8:0
Oct 27 14:05:47 mmokgeth kernel: vesafb: framebuffer at 0xe0000000, mapped to 0xffffc90000400000, using 1216k, total 1216k
Oct 27 14:05:47 mmokgeth kernel: Console: switching to colour frame buffer device 80x30
Oct 27 14:05:47 mmokgeth kernel: fb0: VESA VGA frame buffer device
Oct 27 14:05:47 mmokgeth kernel: GHES: HEST is not enabled!
Oct 27 14:05:47 mmokgeth kernel: Serial: 8250/16550 driver, 4 ports, IRQ sharing enabled
Oct 27 14:05:47 mmokgeth kernel: Linux agpgart interface v0.103
Oct 27 14:05:47 mmokgeth kernel: rtc_cmos rtc_cmos: rtc core: registered rtc_cmos as rtc0
Oct 27 14:05:47 mmokgeth kernel: rtc_cmos rtc_cmos: alarms up to one day, 114 bytes nvram
Oct 27 14:05:47 mmokgeth kernel: ledtrig-cpu: registered to indicate activity on CPUs
Oct 27 14:05:47 mmokgeth kernel: NET: Registered protocol family 10
Oct 27 14:05:47 mmokgeth kernel: Segment Routing with IPv6
Oct 27 14:05:47 mmokgeth kernel: NET: Registered protocol family 17
Oct 27 14:05:47 mmokgeth kernel: registered taskstats version 1
Oct 27 14:05:47 mmokgeth kernel: Loading compiled-in X.509 certificates
Oct 27 14:05:47 mmokgeth kernel: zswap: loaded using pool lzo/zbud
Oct 27 14:05:47 mmokgeth kernel:   Magic number: 9:794:77
Oct 27 14:05:47 mmokgeth kernel: rtc_cmos rtc_cmos: setting system clock to 2018-10-27 12:05:42 UTC (1490616342)
Oct 27 14:05:47 mmokgeth kernel: PM: Hibernation image not present or could not be loaded.
Oct 27 14:05:47 mmokgeth kernel: Freeing unused kernel memory: 1308K
Oct 27 14:05:47 mmokgeth kernel: Write protecting the kernel read-only data: 10240k
Oct 27 14:05:47 mmokgeth kernel: Freeing unused kernel memory: 1744K
Oct 27 14:05:47 mmokgeth kernel: Freeing unused kernel memory: 48K
Oct 27 14:05:47 mmokgeth kernel: random: systemd-tmpfile: uninitialized urandom read (16 bytes read)
Oct 27 14:05:47 mmokgeth kernel: random: udevadm: uninitialized urandom read (16 bytes read)
Oct 27 14:05:47 mmokgeth kernel: random: udevadm: uninitialized urandom read (16 bytes read)
Oct 27 14:05:47 mmokgeth kernel: random: systemd-udevd: uninitialized urandom read (16 bytes read)
Oct 27 14:05:47 mmokgeth kernel: random: systemd-udevd: uninitialized urandom read (16 bytes read)
Oct 27 14:05:47 mmokgeth kernel: random: systemd-udevd: uninitialized urandom read (16 bytes read)
Oct 27 14:05:47 mmokgeth kernel: random: systemd-udevd: uninitialized urandom read (16 bytes read)
Oct 27 14:05:47 mmokgeth kernel: random: systemd-udevd: uninitialized urandom read (16 bytes read)
Oct 27 14:05:47 mmokgeth kernel: random: systemd-udevd: uninitialized urandom read (16 bytes read)
Oct 27 14:05:47 mmokgeth kernel: random: systemd-udevd: uninitialized urandom read (16 bytes read)
Oct 27 14:05:47 mmokgeth kernel: SCSI subsystem initialized
Oct 27 14:05:47 mmokgeth kernel: ACPI: bus type USB registered
Oct 27 14:05:47 mmokgeth kernel: usbcore: registered new interface driver usbfs
Oct 27 14:05:47 mmokgeth kernel: usbcore: registered new interface driver hub
Oct 27 14:05:47 mmokgeth kernel: usbcore: registered new device driver usb
Oct 27 14:05:47 mmokgeth kernel: ohci_hcd: USB 1.1 'Open' Host Controller (OHCI) Driver
Oct 27 14:05:47 mmokgeth kernel: ehci_hcd: USB 2.0 'Enhanced' Host Controller (EHCI) Driver
Oct 27 14:05:47 mmokgeth kernel: Warning! ehci_hcd should always be loaded before uhci_hcd and ohci_hcd, not after
Oct 27 14:05:47 mmokgeth kernel: ehci-pci: EHCI PCI platform driver
Oct 27 14:05:47 mmokgeth kernel: ohci-pci: OHCI PCI platform driver
Oct 27 14:05:47 mmokgeth kernel: libata version 3.00 loaded.
Oct 27 14:05:47 mmokgeth kernel: ohci-pci 0000:00:06.0: OHCI PCI host controller
Oct 27 14:05:47 mmokgeth kernel: ohci-pci 0000:00:06.0: new USB bus registered, assigned bus number 1
Oct 27 14:05:47 mmokgeth kernel: ohci-pci 0000:00:06.0: irq 22, io mem 0xf0804000
Oct 27 14:05:47 mmokgeth kernel: i8042: PNP: PS/2 Controller [PNP0303:PS2K,PNP0f03:PS2M] at 0x60,0x64 irq 1,12
Oct 27 14:05:47 mmokgeth kernel: serio: i8042 KBD port at 0x60,0x64 irq 1
Oct 27 14:05:47 mmokgeth kernel: serio: i8042 AUX port at 0x60,0x64 irq 12
Oct 27 14:05:47 mmokgeth kernel: input: AT Translated Set 2 keyboard as /devices/platform/i8042/serio0/input/input0
Oct 27 14:05:47 mmokgeth kernel: hub 1-0:1.0: USB hub found
Oct 27 14:05:47 mmokgeth kernel: hub 1-0:1.0: 12 ports detected
Oct 27 14:05:47 mmokgeth kernel: ata_piix 0000:00:01.1: version 2.13
Oct 27 14:05:47 mmokgeth kernel: scsi host0: ata_piix
Oct 27 14:05:47 mmokgeth kernel: scsi host1: ata_piix
Oct 27 14:05:47 mmokgeth kernel: ata1: PATA max UDMA/33 cmd 0x1f0 ctl 0x3f6 bmdma 0xd000 irq 14
Oct 27 14:05:47 mmokgeth kernel: ata2: PATA max UDMA/33 cmd 0x170 ctl 0x376 bmdma 0xd008 irq 15
Oct 27 14:05:47 mmokgeth kernel: ahci 0000:00:0d.0: version 3.0
Oct 27 14:05:47 mmokgeth kernel: ahci 0000:00:0d.0: SSS flag set, parallel bus scan disabled
Oct 27 14:05:47 mmokgeth kernel: ahci 0000:00:0d.0: AHCI 0001.0100 32 slots 2 ports 3 Gbps 0x3 impl SATA mode
Oct 27 14:05:47 mmokgeth kernel: ahci 0000:00:0d.0: flags: 64bit ncq stag only ccc 
Oct 27 14:05:47 mmokgeth kernel: scsi host2: ahci
Oct 27 14:05:47 mmokgeth kernel: scsi host3: ahci
Oct 27 14:05:47 mmokgeth kernel: ata3: SATA max UDMA/133 abar m8192@0xf0806000 port 0xf0806100 irq 21
Oct 27 14:05:47 mmokgeth kernel: ata4: SATA max UDMA/133 abar m8192@0xf0806000 port 0xf0806180 irq 21
Oct 27 14:05:47 mmokgeth kernel: ata2.00: ATAPI: VBOX CD-ROM, 1.0, max UDMA/133
Oct 27 14:05:47 mmokgeth kernel: ata2.00: configured for UDMA/33
Oct 27 14:05:47 mmokgeth kernel: scsi 1:0:0:0: CD-ROM            VBOX     CD-ROM           1.0  PQ: 0 ANSI: 5
Oct 27 14:05:47 mmokgeth kernel: ata3: SATA link up 3.0 Gbps (SStatus 123 SControl 300)
Oct 27 14:05:47 mmokgeth kernel: ata3.00: ATA-6: VBOX HARDDISK, 1.0, max UDMA/133
Oct 27 14:05:47 mmokgeth kernel: ata3.00: 209704799 sectors, multi 128: LBA48 NCQ (depth 31/32)
Oct 27 14:05:47 mmokgeth kernel: ata3.00: configured for UDMA/133
Oct 27 14:05:47 mmokgeth kernel: scsi 2:0:0:0: Direct-Access     ATA      VBOX HARDDISK    1.0  PQ: 0 ANSI: 5
Oct 27 14:05:47 mmokgeth kernel: usb 1-1: new full-speed USB device number 2 using ohci-pci
Oct 27 14:05:47 mmokgeth kernel: hidraw: raw HID events driver (C) Jiri Kosina
Oct 27 14:05:47 mmokgeth kernel: usbcore: registered new interface driver usbhid
Oct 27 14:05:47 mmokgeth kernel: usbhid: USB HID core driver
Oct 27 14:05:47 mmokgeth kernel: input: VirtualBox USB Tablet as /devices/pci0000:00/0000:00:06.0/usb1/1-1/1-1:1.0/0003:80EE:0021.0001/input/input2
Oct 27 14:05:47 mmokgeth kernel: hid-generic 0003:80EE:0021.0001: input,hidraw0: USB HID v1.10 Mouse [VirtualBox USB Tablet] on usb-0000:00:06.0-1/input0
Oct 27 14:05:47 mmokgeth kernel: ata4: SATA link up 3.0 Gbps (SStatus 123 SControl 300)
Oct 27 14:05:47 mmokgeth kernel: ata4.00: ATA-6: VBOX HARDDISK, 1.0, max UDMA/133
Oct 27 14:05:47 mmokgeth kernel: ata4.00: 209704799 sectors, multi 128: LBA48 NCQ (depth 31/32)
Oct 27 14:05:47 mmokgeth kernel: ata4.00: configured for UDMA/133
Oct 27 14:05:47 mmokgeth kernel: scsi 3:0:0:0: Direct-Access     ATA      VBOX HARDDISK    1.0  PQ: 0 ANSI: 5
Oct 27 14:05:47 mmokgeth kernel: sr 1:0:0:0: [sr0] scsi3-mmc drive: 32x/32x xa/form2 tray
Oct 27 14:05:47 mmokgeth kernel: cdrom: Uniform CD-ROM driver Revision: 3.20
Oct 27 14:05:47 mmokgeth kernel: sr 1:0:0:0: Attached scsi CD-ROM sr0
Oct 27 14:05:47 mmokgeth kernel: sd 2:0:0:0: [sda] 209704799 512-byte logical blocks: (107 GB/100.0 GiB)
Oct 27 14:05:47 mmokgeth kernel: sd 2:0:0:0: [sda] Write Protect is off
Oct 27 14:05:47 mmokgeth kernel: sd 2:0:0:0: [sda] Mode Sense: 00 3a 00 00
Oct 27 14:05:47 mmokgeth kernel: sd 2:0:0:0: [sda] Write cache: enabled, read cache: enabled, doesn't support DPO or FUA
Oct 27 14:05:47 mmokgeth kernel: sd 3:0:0:0: [sdb] 209704799 512-byte logical blocks: (107 GB/100.0 GiB)
Oct 27 14:05:47 mmokgeth kernel: sd 3:0:0:0: [sdb] Write Protect is off
Oct 27 14:05:47 mmokgeth kernel: sd 3:0:0:0: [sdb] Mode Sense: 00 3a 00 00
Oct 27 14:05:47 mmokgeth kernel: sd 3:0:0:0: [sdb] Write cache: enabled, read cache: enabled, doesn't support DPO or FUA
Oct 27 14:05:47 mmokgeth kernel:  sda: sda1
Oct 27 14:05:47 mmokgeth kernel: sd 2:0:0:0: [sda] Attached SCSI disk
Oct 27 14:05:47 mmokgeth kernel:  sdb: sdb1 sdb2 sdb3
Oct 27 14:05:47 mmokgeth kernel: sd 3:0:0:0: [sdb] Attached SCSI disk
Oct 27 14:05:47 mmokgeth kernel: random: fast init done
Oct 27 14:05:47 mmokgeth kernel: tsc: Refined TSC clocksource calibration: 2891.251 MHz
Oct 27 14:05:47 mmokgeth kernel: clocksource: tsc: mask: 0xffffffffffffffff max_cycles: 0x29acfa791cb, max_idle_ns: 440795329769 ns
Oct 27 14:05:47 mmokgeth kernel: floppy0: no floppy controllers found
Oct 27 14:05:47 mmokgeth kernel: work still pending
Oct 27 14:05:47 mmokgeth kernel: EXT4-fs (sda1): mounted filesystem with ordered data mode. Opts: (null)
Oct 27 14:05:47 mmokgeth kernel: ip_tables: (C) 2000-2006 Netfilter Core Team
Oct 27 14:05:47 mmokgeth systemd[1]: systemd 232 running in system mode. (+PAM -AUDIT -SELINUX -IMA -APPARMOR +SMACK -SYSVINIT +UTMP +LIBCRYPTSETUP +GCRYPT +GNUTLS +ACL +XZ +LZ4 +SECCOMP +BLKID +ELFUTILS +KMOD +IDN)
Oct 27 14:05:47 mmokgeth systemd[1]: Detected virtualization oracle.
Oct 27 14:05:47 mmokgeth systemd[1]: Detected architecture x86-64.
Oct 27 14:05:47 mmokgeth systemd[1]: Set hostname to <mmokgeth>.
Oct 27 14:05:47 mmokgeth systemd[1]: Listening on udev Kernel Socket.
Oct 27 14:05:47 mmokgeth systemd[1]: Listening on Journal Socket.
Oct 27 14:05:47 mmokgeth systemd[1]: Reached target Remote File Systems.
Oct 27 14:05:47 mmokgeth systemd[1]: Listening on /dev/initctl Compatibility Named Pipe.
Oct 27 14:05:47 mmokgeth systemd[1]: Listening on Device-mapper event daemon FIFOs.
Oct 27 14:05:47 mmokgeth systemd[1]: Listening on Journal Socket (/dev/log).
Oct 27 14:05:47 mmokgeth kernel: EXT4-fs (sda1): re-mounted. Opts: data=ordered
Oct 27 14:05:47 mmokgeth systemd-journald[154]: Journal started
Oct 27 14:05:47 mmokgeth systemd-journald[154]: System journal (/var/log/journal/15b023ab28f44918934e381fe91ec920) is 104.0M, max 4.0G, 3.8G free.
Oct 27 14:05:47 mmokgeth systemd[1]: Starting Flush Journal to Persistent Storage...
Oct 27 14:05:47 mmokgeth systemd-journald[154]: System journal (/var/log/journal/15b023ab28f44918934e381fe91ec920) is 104.0M, max 4.0G, 3.8G free.
Oct 27 14:05:47 mmokgeth systemd[1]: Started Flush Journal to Persistent Storage.
Oct 27 14:05:48 mmokgeth systemd[1]: Started Create Static Device Nodes in /dev.
Oct 27 14:05:48 mmokgeth systemd[1]: Starting udev Kernel Device Manager...
Oct 27 14:05:48 mmokgeth systemd[1]: Reached target Local File Systems (Pre).
Oct 27 14:05:48 mmokgeth systemd[1]: Reached target Local File Systems.
Oct 27 14:05:48 mmokgeth systemd[1]: Starting Create Volatile Files and Directories...
Oct 27 14:05:48 mmokgeth systemd[1]: Starting Rebuild Journal Catalog...
Oct 27 14:05:48 mmokgeth systemd[1]: Starting Rebuild Dynamic Linker Cache...
Oct 27 14:05:48 mmokgeth systemd-tmpfiles[183]: Cannot set file attribute for '/var/log/journal', value=0x00800000, mask=0x00800000: Operation not supported
Oct 27 14:05:48 mmokgeth systemd-tmpfiles[183]: Cannot set file attribute for '/var/log/journal/15b023ab28f44918934e381fe91ec920', value=0x00800000, mask=0x00800000: Operation not supported
Oct 27 14:05:48 mmokgeth systemd-tmpfiles[183]: Cannot set file attribute for '/var/log/journal/remote', value=0x00800000, mask=0x00800000: Operation not supported
Oct 27 14:05:48 mmokgeth systemd[1]: Started Create Volatile Files and Directories.
Oct 27 14:05:48 mmokgeth systemd[1]: Starting Update UTMP about System Boot/Shutdown...
Oct 27 14:05:48 mmokgeth systemd[1]: Started Update UTMP about System Boot/Shutdown.
Oct 27 14:05:48 mmokgeth systemd[1]: Started Rebuild Journal Catalog.
Oct 27 14:05:48 mmokgeth systemd[1]: Started Rebuild Hardware Database.
Oct 27 14:05:48 mmokgeth systemd[1]: Starting udev Coldplug all Devices...
Oct 27 14:05:48 mmokgeth systemd[1]: Started Rebuild Dynamic Linker Cache.
Oct 27 14:05:48 mmokgeth systemd[1]: Starting Update is Completed...
Oct 27 14:05:48 mmokgeth systemd[1]: Started udev Coldplug all Devices.
Oct 27 14:05:48 mmokgeth systemd[1]: Started Update is Completed.
Oct 27 14:05:48 mmokgeth systemd[1]: Started udev Kernel Device Manager.
Oct 27 14:05:48 mmokgeth systemd[1]: Reached target System Initialization.
Oct 27 14:05:48 mmokgeth systemd[1]: Started Daily verification of password and group files.
Oct 27 14:05:48 mmokgeth systemd[1]: Listening on D-Bus System Message Bus Socket.
Oct 27 14:05:48 mmokgeth systemd[1]: Reached target Sockets.
Oct 27 14:05:48 mmokgeth systemd[1]: Reached target Basic System.
Oct 27 14:05:48 mmokgeth systemd[1]: Started Daily man-db cache update.
Oct 27 14:05:48 mmokgeth systemd[1]: Starting dhcpcd on all interfaces...
Oct 27 14:05:48 mmokgeth systemd[1]: Starting Login Service...
Oct 27 14:05:48 mmokgeth systemd[1]: Started D-Bus System Message Bus.
Oct 27 14:05:48 mmokgeth dhcpcd[205]: dev: loaded udev
Oct 27 14:05:48 mmokgeth dhcpcd[205]: no valid interfaces found
Oct 27 14:05:48 mmokgeth dhcpcd[205]: forked to background, child pid 211
Oct 27 14:05:48 mmokgeth kernel: input: Power Button as /devices/LNXSYSTM:00/LNXPWRBN:00/input/input3
Oct 27 14:05:48 mmokgeth kernel: ACPI: Power Button [PWRF]
Oct 27 14:05:48 mmokgeth kernel: ACPI: AC Adapter [AC] (on-line)
Oct 27 14:05:48 mmokgeth kernel: input: Sleep Button as /devices/LNXSYSTM:00/LNXSLPBN:00/input/input4
Oct 27 14:05:48 mmokgeth kernel: ACPI: Sleep Button [SLPF]
Oct 27 14:05:48 mmokgeth kernel: ACPI: Video Device [GFX0] (multi-head: yes  rom: no  post: no)
Oct 27 14:05:48 mmokgeth kernel: input: Video Bus as /devices/LNXSYSTM:00/LNXSYBUS:00/PNP0A03:00/LNXVIDEO:00/input/input5
Oct 27 14:05:48 mmokgeth systemd[1]: Started Daily rotation of log files.
Oct 27 14:05:48 mmokgeth systemd[1]: Started Daily Cleanup of Temporary Directories.
Oct 27 14:05:48 mmokgeth systemd[1]: Reached target Timers.
Oct 27 14:05:48 mmokgeth systemd[1]: Started dhcpcd on all interfaces.
Oct 27 14:05:48 mmokgeth systemd[1]: Reached target Network.
Oct 27 14:05:48 mmokgeth systemd[1]: Starting Permit User Sessions...
Oct 27 14:05:48 mmokgeth systemd[1]: Started OpenSSH Daemon.
Oct 27 14:05:48 mmokgeth systemd-logind[206]: New seat seat0.
Oct 27 14:05:48 mmokgeth systemd[1]: Started Login Service.
Oct 27 14:05:48 mmokgeth systemd[1]: Started Permit User Sessions.
Oct 27 14:05:48 mmokgeth systemd[1]: Started Getty on tty1.
Oct 27 14:05:48 mmokgeth systemd[1]: Reached target Login Prompts.
Oct 27 14:05:48 mmokgeth systemd[1]: Reached target Multi-User System.
Oct 27 14:05:48 mmokgeth systemd[1]: Reached target Graphical Interface.
Oct 27 14:05:48 mmokgeth systemd[1]: Startup finished in 4.603s (kernel) + 1.935s (userspace) = 6.538s.
Oct 27 14:05:48 mmokgeth kernel: mousedev: PS/2 mouse device common for all mice
Oct 27 14:05:48 mmokgeth kernel: input: PC Speaker as /devices/platform/pcspkr/input/input7
Oct 27 14:05:48 mmokgeth kernel: piix4_smbus 0000:00:07.0: SMBus base address uninitialized - upgrade BIOS or use force_addr=0xaddr
Oct 27 14:05:48 mmokgeth kernel: e1000: Intel(R) PRO/1000 Network Driver - version 7.3.21-k8-NAPI
Oct 27 14:05:48 mmokgeth kernel: e1000: Copyright (c) 1999-2006 Intel Corporation.
Oct 27 14:05:48 mmokgeth kernel: RAPL PMU: API unit is 2^-32 Joules, 3 fixed counters, 10737418240 ms ovfl timer
Oct 27 14:05:48 mmokgeth kernel: RAPL PMU: hw unit of domain pp0-core 2^-0 Joules
Oct 27 14:05:48 mmokgeth kernel: RAPL PMU: hw unit of domain package 2^-0 Joules
Oct 27 14:05:48 mmokgeth kernel: RAPL PMU: hw unit of domain pp1-gpu 2^-0 Joules
Oct 27 14:05:49 mmokgeth kernel: AVX version of gcm_enc/dec engaged.
Oct 27 14:05:49 mmokgeth kernel: AES CTR mode by8 optimization enabled
Oct 27 14:05:49 mmokgeth kernel: ppdev: user-space parallel port driver
Oct 27 14:05:49 mmokgeth systemd-logind[206]: Watching system buttons on /dev/input/event3 (Sleep Button)
Oct 27 14:05:49 mmokgeth systemd-logind[206]: Watching system buttons on /dev/input/event4 (Video Bus)
Oct 27 14:05:49 mmokgeth systemd-logind[206]: Watching system buttons on /dev/input/event2 (Power Button)
Oct 27 14:05:49 mmokgeth kernel: input: ImExPS/2 Generic Explorer Mouse as /devices/platform/i8042/serio1/input/input6
Oct 27 14:05:49 mmokgeth sshd[221]: Server listening on 0.0.0.0 port 22.
Oct 27 14:05:49 mmokgeth sshd[221]: Server listening on :: port 22.
Oct 27 14:05:49 mmokgeth systemd[1]: Listening on Load/Save RF Kill Switch Status /dev/rfkill Watch.
Oct 27 14:05:49 mmokgeth kernel: e1000 0000:00:03.0 eth0: (PCI:33MHz:32-bit) 08:00:27:29:b9:7a
Oct 27 14:05:49 mmokgeth kernel: e1000 0000:00:03.0 eth0: Intel(R) PRO/1000 Network Connection
Oct 27 14:05:49 mmokgeth kernel: e1000 0000:00:03.0 enp0s3: renamed from eth0
Oct 27 14:05:49 mmokgeth dhcpcd[211]: enp0s3: waiting for carrier
Oct 27 14:05:49 mmokgeth dhcpcd[211]: enp0s3: waiting for carrier
Oct 27 14:05:49 mmokgeth kernel: IPv6: ADDRCONF(NETDEV_UP): enp0s3: link is not ready
Oct 27 14:05:49 mmokgeth dhcpcd[211]: enp0s3: carrier acquired
Oct 27 14:05:49 mmokgeth kernel: e1000: enp0s3 NIC Link is Up 1000 Mbps Full Duplex, Flow Control: RX
Oct 27 14:05:49 mmokgeth kernel: IPv6: ADDRCONF(NETDEV_CHANGE): enp0s3: link becomes ready
Oct 27 14:05:49 mmokgeth dhcpcd[211]: DUID 00:01:00:01:20:1c:c6:e4:08:00:27:29:b9:7a
Oct 27 14:05:49 mmokgeth dhcpcd[211]: enp0s3: IAID 27:29:b9:7a
Oct 27 14:05:49 mmokgeth dhcpcd[211]: enp0s3: adding address fe80::90fc:b54:f999:3808
Oct 27 14:05:49 mmokgeth dhcpcd[211]: enp0s3: soliciting an IPv6 router
Oct 27 14:05:49 mmokgeth kernel: snd_intel8x0 0000:00:05.0: white list rate for 1028:0177 is 48000
Oct 27 14:05:49 mmokgeth systemd[1]: Reached target Sound Card.
Oct 27 14:05:50 mmokgeth kernel: random: crng init done
Oct 27 14:05:50 mmokgeth dhcpcd[211]: enp0s3: rebinding lease of 10.0.2.15
Oct 27 14:05:50 mmokgeth dhcpcd[211]: enp0s3: probing address 10.0.2.15/24
Oct 27 14:05:51 mmokgeth kernel: floppy0: no floppy controllers found
Oct 27 14:05:53 mmokgeth login[223]: pam_tally(login:auth): pam_get_uid; no such user
Oct 27 14:05:55 mmokgeth dhcpcd[211]: enp0s3: leased 10.0.2.15 for 86400 seconds
Oct 27 14:05:55 mmokgeth dhcpcd[211]: enp0s3: adding route to 10.0.2.0/24
Oct 27 14:05:55 mmokgeth dhcpcd[211]: enp0s3: adding default route via 10.0.2.2
Oct 27 14:05:59 mmokgeth login[223]: pam_unix(login:auth): check pass; user unknown
Oct 27 14:05:59 mmokgeth login[223]: pam_unix(login:auth): authentication failure; logname=LOGIN uid=0 euid=0 tty=tty1 ruser= rhost=
Oct 27 14:06:01 mmokgeth login[223]: FAILED LOGIN 1 FROM tty1 FOR [3~, Authentication failure
Oct 27 14:06:03 mmokgeth dhcpcd[211]: enp0s3: no IPv6 Routers available
Oct 27 14:06:04 mmokgeth sshd[311]: Accepted none for root from 10.0.2.2 port 62976 ssh2
Oct 27 14:06:04 mmokgeth sshd[311]: pam_unix(sshd:session): session opened for user root by (uid=0)
Oct 27 14:06:04 mmokgeth systemd[1]: Created slice User Slice of root.
Oct 27 14:06:04 mmokgeth systemd[1]: Starting User Manager for UID 0...
Oct 27 14:06:04 mmokgeth systemd[1]: Started Session c1 of user root.
Oct 27 14:06:04 mmokgeth systemd-logind[206]: New session c1 of user root.
Oct 27 14:06:04 mmokgeth systemd[313]: pam_unix(systemd-user:session): session opened for user root by (uid=0)
Oct 27 14:06:05 mmokgeth systemd[313]: Starting D-Bus User Message Bus Socket.
Oct 27 14:06:05 mmokgeth systemd[313]: Reached target Timers.
Oct 27 14:06:05 mmokgeth systemd[313]: Reached target Paths.
Oct 27 14:06:05 mmokgeth systemd[313]: Listening on D-Bus User Message Bus Socket.
Oct 27 14:06:05 mmokgeth systemd[313]: Reached target Sockets.
Oct 27 14:06:05 mmokgeth systemd[313]: Reached target Basic System.
Oct 27 14:06:05 mmokgeth systemd[313]: Reached target Default.
Oct 27 14:06:05 mmokgeth systemd[313]: Startup finished in 39ms.
Oct 27 14:06:05 mmokgeth systemd[1]: Started User Manager for UID 0.
Oct 27 14:06:53 mmokgeth systemd[1]: getty@tty1.service: Service has no hold-off time, scheduling restart.
Oct 27 14:06:53 mmokgeth systemd[1]: Stopped Getty on tty1.
Oct 27 14:06:53 mmokgeth systemd[1]: Started Getty on tty1.
Oct 27 14:07:04 mmokgeth sshd[333]: Accepted none for root from 10.0.2.2 port 62994 ssh2
Oct 27 14:07:04 mmokgeth sshd[333]: pam_unix(sshd:session): session opened for user root by (uid=0)
Oct 27 14:07:04 mmokgeth systemd[1]: Started Session c2 of user root.
Oct 27 14:07:04 mmokgeth systemd-logind[206]: New session c2 of user root.
Oct 27 14:07:04 mmokgeth sshd[333]: Received disconnect from 10.0.2.2 port 62994:11: disconnected by user
Oct 27 14:07:04 mmokgeth sshd[333]: Disconnected from 10.0.2.2 port 62994
Oct 27 14:07:04 mmokgeth sshd[333]: pam_unix(sshd:session): session closed for user root
Oct 27 14:07:04 mmokgeth systemd-logind[206]: Removed session c2.
Oct 27 14:07:16 mmokgeth sshd[337]: Accepted none for root from 10.0.2.2 port 63000 ssh2
Oct 27 14:07:16 mmokgeth sshd[337]: pam_unix(sshd:session): session opened for user root by (uid=0)
Oct 27 14:07:16 mmokgeth systemd[1]: Started Session c3 of user root.
Oct 27 14:07:16 mmokgeth systemd-logind[206]: New session c3 of user root.
Oct 27 14:07:16 mmokgeth sshd[337]: Received disconnect from 10.0.2.2 port 63000:11: disconnected by user
Oct 27 14:07:16 mmokgeth sshd[337]: Disconnected from 10.0.2.2 port 63000
Oct 27 14:07:16 mmokgeth sshd[337]: pam_unix(sshd:session): session closed for user root
Oct 27 14:07:16 mmokgeth systemd-logind[206]: Removed session c3.
Oct 27 14:07:27 mmokgeth sshd[341]: Accepted none for root from 10.0.2.2 port 63004 ssh2
Oct 27 14:07:27 mmokgeth sshd[341]: pam_unix(sshd:session): session opened for user root by (uid=0)
Oct 27 14:07:27 mmokgeth systemd[1]: Started Session c4 of user root.
Oct 27 14:07:27 mmokgeth systemd-logind[206]: New session c4 of user root.
